address_full: 180 dead in Colombia earthquake Colombia experienc from https://www.bbc.com/news
address_full: 2 hrs ago Latin America Russia releases former US  from https://www.bbc.com/news
address_full: 27 years Millions are expected to gather in northe from https://www.bbc.com/news
address_full: 16 hrs ago Wales Also in news AI agent hacks gym t from https://www.bbc.com/news
address_full: 7 hrs ago Scotland Thailand suspends new gun permi from https://www.bbc.com/news
address_full: 5 Dashcam video shows moment lorry slams into New  from https://www.bbc.com/news
address_full: 5 Criticism of empty seats and ticket prices at Eu from https://www.bbc.com/news
address_full: 8 Eclipse chasers scramble for glasses as stocks r from https://www.bbc.com/news
address_full: 58 mins ago American Football Sign up to News Brie from https://www.bbc.com/news
address: 180 dead in Colombia earthquake Colombia experienc from https://www.bbc.com/news
address: 27 years Millions are expected to gather in northe from https://www.bbc.com/news
address: 16 hrs ago Wales Also in news AI agent hacks gym t from https://www.bbc.com/news
address: 5 Dashcam video shows moment lorry slams into New  from https://www.bbc.com/news
address: 5 Criticism of empty seats and ticket prices at Eu from https://www.bbc.com/news
address_full: 180 dead in Colombia earthquake Colombia experienc from https://www.bbc.com/news
address_full: 2 hrs ago Latin America Russia releases former US  from https://www.bbc.com/news
address_full: 27 years Millions are expected to gather in northe from https://www.bbc.com/news
address_full: 16 hrs ago Wales Also in news AI agent hacks gym t from https://www.bbc.com/news
address_full: 7 hrs ago Scotland Thailand suspends new gun permi from https://www.bbc.com/news
address_full: 5 Dashcam video shows moment lorry slams into New  from https://www.bbc.com/news
address_full: 5 Criticism of empty seats and ticket prices at Eu from https://www.bbc.com/news
address_full: 8 Eclipse chasers scramble for glasses as stocks r from https://www.bbc.com/news
address_full: 1 hr ago American Football Sign up to News Briefin from https://www.bbc.com/news
address: 180 dead in Colombia earthquake Colombia experienc from https://www.bbc.com/news
address: 27 years Millions are expected to gather in northe from https://www.bbc.com/news
address: 16 hrs ago Wales Also in news AI agent hacks gym t from https://www.bbc.com/news
address: 5 Dashcam video shows moment lorry slams into New  from https://www.bbc.com/news
address: 5 Criticism of empty seats and ticket prices at Eu from https://www.bbc.com/news
address_full: 53 View more Health and wellbeing How to watch the from https://www.bbc.co.uk/
address_full: 29 minutes How much water from https://www.bbc.co.uk/
address_full: 29 mins View more Uplifting stories Farmer bride r from https://www.bbc.co.uk/
address_full: 9 minutes How much of all the money in the world d from https://www.bbc.co.uk/
address_full: 04 Shops selling illegal drugs closed after from https://www.bbc.co.uk/
address_full: 59 What is a drought and will the UK run out of wa from https://www.bbc.co.uk/
address_full: 24 The first from https://www.bbc.co.uk/
address_full: 26 Ancient Roman shipwreck discovered off Sicily c from https://www.bbc.co.uk/
address_full: 50 Tomorrow could be the best from https://www.bbc.co.uk/
address: 53 View more Health and wellbeing How to watch the from https://www.bbc.co.uk/
address: 29 mins View more Uplifting stories Farmer bride r from https://www.bbc.co.uk/
address: 9 minutes How much of all the money in the world d from https://www.bbc.co.uk/
address: 24 The first from https://www.bbc.co.uk/
address: 26 Ancient Roman shipwreck discovered off Sicily c from https://www.bbc.co.uk/
address: 50 Tomorrow could be the best from https://www.bbc.co.uk/
address_full: 4 hrs ago World US says helicopter fired missiles  from https://www.bbc.com/news/us-canada
address_full: 000 a month for fast access to Truth Social posts  from https://www.bbc.com/news/us-canada
address_full: 000 people have been forced to evacuate and some h from https://www.bbc.com/news/us-canada
address_full: 7 August from https://www.bbc.com/news/us-canada
address_full: 30 years later from https://www.bbc.com/news/us-canada
address_full: 21 mins ago 2 hrs ago Luigi Mangione murder trial  from https://www.bbc.com/news/us-canada
address_full: 11 hrs ago 20 hrs ago Dashcam video shows moment l from https://www.bbc.com/news/us-canada
address: 5 mins ago World Luigi Mangione murder trial to ha from https://www.bbc.com/news/us-canada
address: 000 a month for fast access to Truth Social posts  from https://www.bbc.com/news/us-canada
address: 000 people have been forced to evacuate and some h from https://www.bbc.com/news/us-canada
address: 7 August from https://www.bbc.com/news/us-canada
address: 21 mins ago 2 hrs ago Luigi Mangione murder trial  from https://www.bbc.com/news/us-canada
address: 11 hrs ago 20 hrs ago Dashcam video shows moment l from https://www.bbc.com/news/us-canada
address_full: 1 hr ago England Eclipse chasers scramble for glas from https://www.bbc.com/news/uk
address_full: 54 mins ago Politics Councils to get more powers t from https://www.bbc.com/news/uk
address_full: 16 hrs ago 1 day ago More than two-thirds of Engla from https://www.bbc.com/news/uk
address_full: 4 days ago 4 days ago Belfast from https://www.bbc.com/news/uk
address: 1 hr ago England Eclipse chasers scramble for glas from https://www.bbc.com/news/uk
address: 54 mins ago Politics Councils to get more powers t from https://www.bbc.com/news/uk
address: 1 day ago 1 day ago Heat alert for South West from https://www.bbc.com/news/uk
address: 4 days ago 4 days ago Belfast from https://www.bbc.com/news/uk
address_full: 3 hrs ago Politics Burnham faces unpopularity test from https://www.bbc.com/news/politics
address_full: 1 day ago Scotland Politics Councils to get more p from https://www.bbc.com/news/politics
address_full: 1 day ago Business Send foreign prisoners abroad from https://www.bbc.com/news/politics
address_full: 1 day ago Politics Record from https://www.bbc.com/news/politics
address_full: 000 homes would become available under their plan  from https://www.bbc.com/news/politics
address_full: 10 as Andy Burnham became PM Laura Kuenssberg was  from https://www.bbc.com/news/politics
address: 3 hrs ago Politics Burnham faces unpopularity test from https://www.bbc.com/news/politics
address: 1 day ago Scotland Politics Councils to get more p from https://www.bbc.com/news/politics
address: 1 day ago Business Send foreign prisoners abroad from https://www.bbc.com/news/politics
address: 1 day ago Politics Record from https://www.bbc.com/news/politics
address: 000 homes would become available under their plan  from https://www.bbc.com/news/politics
address: 2025 to restrict from https://www.bbc.com/news/politics
address_full: 4 hrs ago England Killer still controlling ex-part from https://www.bbc.com/news/england
address_full: 17 locks as heatwave from https://www.bbc.com/news/england
address_full: 200 join seaside trip The nursery in Washwood Heat from https://www.bbc.com/news/england
address_full: 25 metres when they leave from https://www.bbc.com/news/england
address_full: 60 homes on Robert Terrace in Shield Row were evac from https://www.bbc.com/news/england
address_full: 3 hrs ago 4 hrs ago Peter from https://www.bbc.com/news/england
address_full: 4 hrs ago 4 hrs ago Half of Holme Fen affected by  from https://www.bbc.com/news/england
address: 17 locks as heatwave from https://www.bbc.com/news/england
address: 25 metres when they leave from https://www.bbc.com/news/england
address: 60 homes on Robert Terrace in Shield Row were evac from https://www.bbc.com/news/england
address_full: 3 hrs ago Northern Ireland Pedestrianisation expan from https://www.bbc.com/news/northern_ireland
address_full: 9 hrs ago Northern Ireland Politics The Fleadh in  from https://www.bbc.com/news/northern_ireland
address_full: 65 million visits during the Fleadh but what can B from https://www.bbc.com/news/northern_ireland
address_full: 2026 festival was being hosted in the city for the from https://www.bbc.com/news/northern_ireland
address_full: 200 events are planned, alongside competitions, co from https://www.bbc.com/news/northern_ireland
address_full: 13 months old. Northern Ireland weather forecast from https://www.bbc.com/news/northern_ireland
address_full: 48 mins ago Pedestrianisation expansion proposal a from https://www.bbc.com/news/northern_ireland
address_full: 16 hrs ago 1 day ago Cattle cull witness says shoo from https://www.bbc.com/news/northern_ireland
address: 3 hrs ago Northern Ireland Pedestrianisation expan from https://www.bbc.com/news/northern_ireland
address: 9 hrs ago Northern Ireland Politics The Fleadh in  from https://www.bbc.com/news/northern_ireland
address: 65 million visits during the Fleadh but what can B from https://www.bbc.com/news/northern_ireland
address: 2026 festival was being hosted in the city for the from https://www.bbc.com/news/northern_ireland
address: 200 events are planned, alongside competitions, co from https://www.bbc.com/news/northern_ireland
address: 1 to Iberia 1999 in the second leg of their tie in from https://www.bbc.com/news/northern_ireland
address: 13 months old. Northern Ireland weather forecast from https://www.bbc.com/news/northern_ireland
address: 48 mins ago Pedestrianisation expansion proposal a from https://www.bbc.com/news/northern_ireland
address: 48 mins ago 3 hrs ago Strabane residents urged to  from https://www.bbc.com/news/northern_ireland
address: 1 day ago 1 day ago Police fire baton round after  from https://www.bbc.com/news/northern_ireland
address_full: 31 Jul 2026 Northern Ireland Politics Jeffrey Dona from https://www.bbc.com/news/northern_ireland/northern_ireland_politics
address: 31 Jul 2026 Northern Ireland Politics Jeffrey Dona from https://www.bbc.com/news/northern_ireland/northern_ireland_politics
address_full: 7 hrs ago Scotland Potentially deadly bluetongue l from https://www.bbc.com/news/scotland
address_full: 2026 Commonwealth Games and a week later from https://www.bbc.com/news/scotland
address_full: 3 hrs ago 3 hrs ago Loganair confirms withdrawal o from https://www.bbc.com/news/scotland
address_full: 15 hrs ago 16 hrs ago I was accused of using AI in from https://www.bbc.com/news/scotland
address: 7 hrs ago Scotland Potentially deadly bluetongue l from https://www.bbc.com/news/scotland
address: 15 hrs ago 16 hrs ago I was accused of using AI in from https://www.bbc.com/news/scotland