address_zip: 54310 from https://www.bahrain.bh/wps/portal/en/BNP/HereInBahrain/EducationAndTraining
address_full: 2026 , which emphasizes job creation, particularly from https://www.bahrain.bh/wps/portal/en/BNP/HereInBahrain/EmploymentAndRetirement
address_full: 2030 . This strategic vision aims to cultivate a w from https://www.bahrain.bh/wps/portal/en/BNP/HereInBahrain/EmploymentAndRetirement
address_full: 18 and above. Eligible individuals must be registe from https://www.bahrain.bh/wps/portal/en/BNP/HereInBahrain/EmploymentAndRetirement
address_full: 800 government employees on cloud computing servic from https://www.bahrain.bh/wps/portal/en/BNP/HereInBahrain/EmploymentAndRetirement
address: 2026 , which emphasizes job creation, particularly from https://www.bahrain.bh/wps/portal/en/BNP/HereInBahrain/EmploymentAndRetirement
address: 2030 . This strategic vision aims to cultivate a w from https://www.bahrain.bh/wps/portal/en/BNP/HereInBahrain/EmploymentAndRetirement
address: 18 and above. Eligible individuals must be registe from https://www.bahrain.bh/wps/portal/en/BNP/HereInBahrain/EmploymentAndRetirement
address: 800 government employees on cloud computing servic from https://www.bahrain.bh/wps/portal/en/BNP/HereInBahrain/EmploymentAndRetirement
address_full: 60 Tons And 30 Vehicles As Part Of The Violating R from https://www.bahrain.bh/wps/portal/en/BNP/HereInBahrain/FamilyAndRelationships
address_full: 22 Oct from https://www.bahrain.bh/wps/portal/en/BNP/HereInBahrain/FamilyAndRelationships
address: 60 Tons And 30 Vehicles As Part Of The Violating R from https://www.bahrain.bh/wps/portal/en/BNP/HereInBahrain/FamilyAndRelationships
address: 22 Oct from https://www.bahrain.bh/wps/portal/en/BNP/HereInBahrain/FamilyAndRelationships
address_full: 3 , emphasizing the commitment to fostering health from https://www.bahrain.bh/wps/portal/en/BNP/HereInBahrain/Healthcare
address_full: 19 Vaccine passports as early as mid-February 2021 from https://www.bahrain.bh/wps/portal/en/BNP/HereInBahrain/Healthcare
address_full: 22 Oct from https://www.bahrain.bh/wps/portal/en/BNP/HereInBahrain/Healthcare
address: 2019 , which aims to collect from https://www.bahrain.bh/wps/portal/en/BNP/HereInBahrain/Healthcare
address: 19 vaccine passport. BeAware App functions as a di from https://www.bahrain.bh/wps/portal/en/BNP/HereInBahrain/Healthcare
address: 22 Oct from https://www.bahrain.bh/wps/portal/en/BNP/HereInBahrain/Healthcare
address_full: 2030 goals by fostering talent, attracting investm from https://www.bahrain.bh/wps/portal/en/BNP/HereInBahrain/NationalIdentificationAndVisas
address_full: 11 services developed for citizens and residents a from https://www.bahrain.bh/wps/portal/en/BNP/HereInBahrain/NationalIdentificationAndVisas
address: 2030 goals by fostering talent, attracting investm from https://www.bahrain.bh/wps/portal/en/BNP/HereInBahrain/NationalIdentificationAndVisas
address: 11 services developed for citizens and residents a from https://www.bahrain.bh/wps/portal/en/BNP/HereInBahrain/NationalIdentificationAndVisas
address_full: 18 from abuse and neglect, addressing all forms of from https://www.bahrain.bh/wps/portal/en/BNP/HereInBahrain/GovernmentAndSocialSupport
address_full: 19 Pandemic Related Services eServices Use the pro from https://www.bahrain.bh/wps/portal/en/BNP/HereInBahrain/GovernmentAndSocialSupport
address: 18 from abuse and neglect, addressing all forms of from https://www.bahrain.bh/wps/portal/en/BNP/HereInBahrain/GovernmentAndSocialSupport
address_full: 16 Oct from https://www.bahrain.bh/wps/portal/en/BNP/BahrainAtAGlance/BahrainiLegislations
address: 16 Oct from https://www.bahrain.bh/wps/portal/en/BNP/BahrainAtAGlance/BahrainiLegislations