address_full: 3000 for this much security The best from https://www.zdnet.com/topic/security/
address_full: 2026 The best from https://www.zdnet.com/topic/security/
address_full: 3000 for this much security The best from https://www.zdnet.com/topic/security/
address_full: 2026 The best from https://www.zdnet.com/topic/security/
address_full: 5 critical Windows Defender settings are off by de from https://www.zdnet.com/topic/security/
address_full: 5 critical Windows Defender settings are off by de from https://www.zdnet.com/topic/security/
address_full: 30 years, and this free security suite does it all from https://www.zdnet.com/topic/security/
address_full: 000 Flock cameras have from https://www.zdnet.com/topic/security/
address_full: 11 recovery tool is the ultimate Undo button - how from https://www.zdnet.com/topic/security/
address_full: 30 fee Windows 10 just from https://www.zdnet.com/topic/security/
address_full: 30 years, and this free security suite does it all from https://www.zdnet.com/topic/security/
address_full: 000 Flock cameras have from https://www.zdnet.com/topic/security/
address_full: 11 recovery tool is the ultimate Undo button - how from https://www.zdnet.com/topic/security/
address_full: 30 fee Windows 10 just from https://www.zdnet.com/topic/security/
address_full: 2 days ago by Lance Whitney in Mobile Carriers App from https://www.zdnet.com/topic/security/
address_full: 11 system restore points before most from https://www.zdnet.com/topic/security/
address_full: 4 days ago by Lance Whitney in Windows 11 AI is fi from https://www.zdnet.com/topic/security/
address_full: 6 days ago by Adrian Kingsley-Hughes in Security H from https://www.zdnet.com/topic/security/
address: 3000 for this much security The best from https://www.zdnet.com/topic/security/
address: 2026 The best from https://www.zdnet.com/topic/security/
address: 3000 for this much security The best from https://www.zdnet.com/topic/security/
address: 2026 The best from https://www.zdnet.com/topic/security/
address: 000 Flock cameras have from https://www.zdnet.com/topic/security/
address: 30 fee Windows 10 just from https://www.zdnet.com/topic/security/
address: 000 Flock cameras have from https://www.zdnet.com/topic/security/
address: 30 fee Windows 10 just from https://www.zdnet.com/topic/security/
address: 11 system restore points before most from https://www.zdnet.com/topic/security/
address: 60 days With 3.5 billion active users to protect,  from https://www.zdnet.com/topic/security/
address: 6 days ago by David Gewirtz in Artificial Intellig from https://www.zdnet.com/topic/security/
address_full: 5 Very good pros and cons Pros Quantum-resistant e from https://www.zdnet.com/article/apricorns-4tb-aegis-secure-key-3-review/
address_full: 24 at Best from https://www.zdnet.com/article/apricorns-4tb-aegis-secure-key-3-review/
address_full: 3 , the highest-capacity hardware-encrypted USB dr from https://www.zdnet.com/article/apricorns-4tb-aegis-secure-key-3-review/
address_full: 3 The                  highest-capacity hardware-e from https://www.zdnet.com/article/apricorns-4tb-aegis-secure-key-3-review/
address_full: 0 to 9 on them, as you have from https://www.zdnet.com/article/apricorns-4tb-aegis-secure-key-3-review/
address_full: 256 XTS encryption used by Apricorn provides. How  from https://www.zdnet.com/article/apricorns-4tb-aegis-secure-key-3-review/
address_full: 3 Level 3 requirements and has submitted it to NIS from https://www.zdnet.com/article/apricorns-4tb-aegis-secure-key-3-review/
address_full: 256   XTS, hardware-based AES-256   XTS, hardware- from https://www.zdnet.com/article/apricorns-4tb-aegis-secure-key-3-review/
address_full: 3 has no direct from https://www.zdnet.com/article/apricorns-4tb-aegis-secure-key-3-review/
address_full: 3 has quite a fair bit of competition, but not whe from https://www.zdnet.com/article/apricorns-4tb-aegis-secure-key-3-review/
address_full: 000 steps with my Apple Watch, Google Pixel, and O from https://www.zdnet.com/article/apricorns-4tb-aegis-secure-key-3-review/
address_full: 2026 and made a tough choice I walked 3,000 steps  from https://www.zdnet.com/article/apricorns-4tb-aegis-secure-key-3-review/
address: 24 at Best from https://www.zdnet.com/article/apricorns-4tb-aegis-secure-key-3-review/
address: 3 , the highest from https://www.zdnet.com/article/apricorns-4tb-aegis-secure-key-3-review/
address: 3 The                  highest from https://www.zdnet.com/article/apricorns-4tb-aegis-secure-key-3-review/
address: 0 to 9 on them, as you have from https://www.zdnet.com/article/apricorns-4tb-aegis-secure-key-3-review/
address: 256 XTS encryption used by Apricorn provides. How  from https://www.zdnet.com/article/apricorns-4tb-aegis-secure-key-3-review/
address: 3 Level 3 requirements and has submitted it to NIS from https://www.zdnet.com/article/apricorns-4tb-aegis-secure-key-3-review/
address: 3 has no direct from https://www.zdnet.com/article/apricorns-4tb-aegis-secure-key-3-review/
address_full: 00 AM PDT The best from https://www.zdnet.com/article/best-malware-removal-software/
address_full: 99 for 1 Device on 1 Year Webroot Essentials Plan  from https://www.zdnet.com/article/best-malware-removal-software/
address_full: 25 per year. You could also check out Malwarebytes from https://www.zdnet.com/article/best-malware-removal-software/
address_full: 2026 Show less Bitdefender View now at Bitdefender from https://www.zdnet.com/article/best-malware-removal-software/
address_full: 89 per month to protect from https://www.zdnet.com/article/best-malware-removal-software/
address_full: 89 per month to protect from https://www.zdnet.com/article/best-malware-removal-software/
address_full: 50 per year, which include advanced features such  from https://www.zdnet.com/article/best-malware-removal-software/
address_full: 50 per year, which include advanced features such  from https://www.zdnet.com/article/best-malware-removal-software/
address_full: 50 per year and includes a firewall, anti-spam pro from https://www.zdnet.com/article/best-malware-removal-software/
address_full: 50 per year and includes a firewall, anti-spam pro from https://www.zdnet.com/article/best-malware-removal-software/
address_full: 9 ways to keep it secure At the very least from https://www.zdnet.com/article/best-malware-removal-software/
address_full: 1000 Best Windows laptop Best laptop for video edi from https://www.zdnet.com/article/best-malware-removal-software/
address_full: 10 or 11 How to create a drop down list from https://www.zdnet.com/article/best-malware-removal-software/
address_full: 5 best from https://www.zdnet.com/article/best-malware-removal-software/
address_full: 5 best from https://www.zdnet.com/article/best-malware-removal-software/
address: 00 AM PDT The best from https://www.zdnet.com/article/best-malware-removal-software/
address: 99 for 1 Device on 1 Year Webroot Essentials Plan  from https://www.zdnet.com/article/best-malware-removal-software/
address: 25 per year. You could also check out Malwarebytes from https://www.zdnet.com/article/best-malware-removal-software/
address: 89 per month to protect from https://www.zdnet.com/article/best-malware-removal-software/
address: 89 per month to protect from https://www.zdnet.com/article/best-malware-removal-software/
address: 50 per year, which include advanced features such  from https://www.zdnet.com/article/best-malware-removal-software/
address: 50 per year, which include advanced features such  from https://www.zdnet.com/article/best-malware-removal-software/
address: 9 ways to keep it secure At the very least from https://www.zdnet.com/article/best-malware-removal-software/
address: 1000 Best Windows laptop Best laptop for video edi from https://www.zdnet.com/article/best-malware-removal-software/
address: 10 or 11 How to create a drop down list from https://www.zdnet.com/article/best-malware-removal-software/
address: 5 best from https://www.zdnet.com/article/best-malware-removal-software/
address: 5 best from https://www.zdnet.com/article/best-malware-removal-software/
address_full: 7 roadside assistance, plus collision and dispatch from https://www.zdnet.com/article/heypolo-vs-life360-location-sharing-apps/
address_full: 000 steps with my Apple Watch, Google Pixel, and O from https://www.zdnet.com/article/heypolo-vs-life360-location-sharing-apps/
address_full: 2026 and made a tough choice I walked 3,000 steps  from https://www.zdnet.com/article/heypolo-vs-life360-location-sharing-apps/
address_full: 01 AM PDT The best from https://www.zdnet.com/article/best-vpn-router/
address_full: 2 . This router from https://www.zdnet.com/article/best-vpn-router/
address_full: 160 with the code ZDNET , has our top preinstalled from https://www.zdnet.com/article/best-vpn-router/
address_full: 2026 Sort by All The best from https://www.zdnet.com/article/best-vpn-router/
address_full: 2 is lightweight, and the VPN itself can be manage from https://www.zdnet.com/article/best-vpn-router/
address_full: 30 to upgrade your Nord from https://www.zdnet.com/article/best-vpn-router/
address_full: 2 The best VPN router from https://www.zdnet.com/article/best-vpn-router/
address_full: 2 is lightweight, and the VPN itself can be manage from https://www.zdnet.com/article/best-vpn-router/
address_full: 30 to upgrade your Nord from https://www.zdnet.com/article/best-vpn-router/
address_full: 1 Pros Granular controls High speeds Tri-band Thre from https://www.zdnet.com/article/best-vpn-router/
address_full: 1 Pros Stylish Built-in VPN 10G ports, port range  from https://www.zdnet.com/article/best-vpn-router/
address_full: 2026 The router offers implementation options with from https://www.zdnet.com/article/best-vpn-router/
address_full: 2026 The router offers implementation options with from https://www.zdnet.com/article/best-vpn-router/
address_full: 2 The best VPN-ready router overall. The Privacy H from https://www.zdnet.com/article/best-vpn-router/
address_full: 70 -- especially given its built-in VPN and additi from https://www.zdnet.com/article/best-vpn-router/
address_full: 2025 Show more Can any router be a VPN router from https://www.zdnet.com/article/best-vpn-router/
address_full: 1 monthly cost on a yearly contract from https://www.zdnet.com/article/best-vpn-router/
address_full: 12 upfront, plus tax. However, many VPN router pro from https://www.zdnet.com/article/best-vpn-router/
address_full: 30 pocket VPN router, is a cheap, convenient way t from https://www.zdnet.com/article/best-vpn-router/
address_full: 30 pocket VPN router, is a cheap, convenient way t from https://www.zdnet.com/article/best-vpn-router/
address_full: 170 Flint 2 is a great alternative VPN router for  from https://www.zdnet.com/article/best-vpn-router/
address_full: 170 Flint 2 is a great alternative VPN router for  from https://www.zdnet.com/article/best-vpn-router/
address_full: 7 connectivity, a VPN, parental controls, and cove from https://www.zdnet.com/article/best-vpn-router/
address_full: 7 connectivity, a VPN, parental controls, and cove from https://www.zdnet.com/article/best-vpn-router/
address_full: 1000 Best Windows laptop Best laptop for video edi from https://www.zdnet.com/article/best-vpn-router/
address_full: 10 or 11 How to create a drop down list from https://www.zdnet.com/article/best-vpn-router/
address_full: 5 best from https://www.zdnet.com/article/best-vpn-router/
address_full: 5 best from https://www.zdnet.com/article/best-vpn-router/
address: 01 AM PDT The best from https://www.zdnet.com/article/best-vpn-router/
address: 160 with the code ZDNET , has our top preinstalled from https://www.zdnet.com/article/best-vpn-router/
address: 2026 Sort by All The best from https://www.zdnet.com/article/best-vpn-router/
address: 2 is lightweight, and the VPN itself can be manage from https://www.zdnet.com/article/best-vpn-router/
address: 30 to upgrade your Nord from https://www.zdnet.com/article/best-vpn-router/
address: 2 The best from https://www.zdnet.com/article/best-vpn-router/
address: 2 is lightweight, and the VPN itself can be manage from https://www.zdnet.com/article/best-vpn-router/
address: 30 to upgrade your Nord from https://www.zdnet.com/article/best-vpn-router/
address: 2026 The router offers implementation options with from https://www.zdnet.com/article/best-vpn-router/
address: 2026 The router offers implementation options with from https://www.zdnet.com/article/best-vpn-router/
address: 2 The best from https://www.zdnet.com/article/best-vpn-router/
address: 2 is one of the most from https://www.zdnet.com/article/best-vpn-router/
address: 1 monthly cost on a yearly contract from https://www.zdnet.com/article/best-vpn-router/
address: 12 upfront, plus tax. However, many VPN router pro from https://www.zdnet.com/article/best-vpn-router/
address: 30 pocket VPN router, is a cheap, convenient way t from https://www.zdnet.com/article/best-vpn-router/
address: 30 pocket VPN router, is a cheap, convenient way t from https://www.zdnet.com/article/best-vpn-router/
address: 170 Flint 2 is a great alternative VPN router for  from https://www.zdnet.com/article/best-vpn-router/
address: 170 Flint 2 is a great alternative VPN router for  from https://www.zdnet.com/article/best-vpn-router/
address: 7 connectivity, a VPN, parental controls, and cove from https://www.zdnet.com/article/best-vpn-router/
address: 7 connectivity, a VPN, parental controls, and cove from https://www.zdnet.com/article/best-vpn-router/
address: 1000 Best Windows laptop Best laptop for video edi from https://www.zdnet.com/article/best-vpn-router/
address: 10 or 11 How to create a drop down list from https://www.zdnet.com/article/best-vpn-router/
address: 5 best from https://www.zdnet.com/article/best-vpn-router/
address: 5 best from https://www.zdnet.com/article/best-vpn-router/
address_full: 09 AM PDT Best from https://www.zdnet.com/article/best-vpn-for-youtube/
address_full: 2026 , passed important benchmarks we set for YouT from https://www.zdnet.com/article/best-vpn-for-youtube/
address_full: 09 a month, with three months of free access. Our  from https://www.zdnet.com/article/best-vpn-for-youtube/
address_full: 2026 Show less NordVPN View now at NordVPN NordVPN from https://www.zdnet.com/article/best-vpn-for-youtube/
address_full: 126 countries provides more server locations for a from https://www.zdnet.com/article/best-vpn-for-youtube/
address_full: 4 Pros Massive server network Effective ad-blocker from https://www.zdnet.com/article/best-vpn-for-youtube/
address_full: 126 countries provides more server locations for a from https://www.zdnet.com/article/best-vpn-for-youtube/
address_full: 4 Read More Show Expert Take Show less Show less E from https://www.zdnet.com/article/best-vpn-for-youtube/
address_full: 105 countries uses obfuscation technology to evade from https://www.zdnet.com/article/best-vpn-for-youtube/
address_full: 7 Pros Simple VPN apps Strong server obfuscation R from https://www.zdnet.com/article/best-vpn-for-youtube/
address_full: 105 countries uses obfuscation technology to evade from https://www.zdnet.com/article/best-vpn-for-youtube/
address_full: 7 Read More Show Expert Take Show less Show less C from https://www.zdnet.com/article/best-vpn-for-youtube/
address_full: 2 Countries and servers 7 Usability 7 Speed and pe from https://www.zdnet.com/article/best-vpn-for-youtube/
address_full: 5 Score CyberGhost CyberGhost is a popular VPN in  from https://www.zdnet.com/article/best-vpn-for-youtube/
address_full: 50 US states is unlike most from https://www.zdnet.com/article/best-vpn-for-youtube/
address_full: 7 Countries and servers 7 Usability 7 Speed and pe from https://www.zdnet.com/article/best-vpn-for-youtube/
address_full: 40 for the first from https://www.zdnet.com/article/best-vpn-for-youtube/
address_full: 79 total for three years Network 35,000 servers in from https://www.zdnet.com/article/best-vpn-for-youtube/
address_full: 2025 tests Jurisdiction United States Private Inte from https://www.zdnet.com/article/best-vpn-for-youtube/
address_full: 50 US states is unlike most from https://www.zdnet.com/article/best-vpn-for-youtube/
address_full: 7 Read More Show Expert Take Show less Best YouTub from https://www.zdnet.com/article/best-vpn-for-youtube/
address_full: 45 days. Private Internet Access The best server n from https://www.zdnet.com/article/best-vpn-for-youtube/
address_full: 12 for Windscribe. Both are safe options, given th from https://www.zdnet.com/article/best-vpn-for-youtube/
address_full: 19 a month for two years, and you can connect from https://www.zdnet.com/article/best-vpn-for-youtube/
address_full: 19 a month for two years, and you can connect from https://www.zdnet.com/article/best-vpn-for-youtube/
address_full: 2026 . Further ZDNET Tech Coverage Smartphones Bes from https://www.zdnet.com/article/best-vpn-for-youtube/
address_full: 1000 Best Windows laptop Best laptop for video edi from https://www.zdnet.com/article/best-vpn-for-youtube/
address_full: 10 or 11 How to create a drop down list from https://www.zdnet.com/article/best-vpn-for-youtube/
address_full: 5 best from https://www.zdnet.com/article/best-vpn-for-youtube/
address_full: 5 best from https://www.zdnet.com/article/best-vpn-for-youtube/
address: 09 AM PDT Best from https://www.zdnet.com/article/best-vpn-for-youtube/
address: 09 a month, with three months of free access. Our  from https://www.zdnet.com/article/best-vpn-for-youtube/
address: 2026 Show less NordVPN View now at NordVPN NordVPN from https://www.zdnet.com/article/best-vpn-for-youtube/
address: 126 countries provides more server locations for a from https://www.zdnet.com/article/best-vpn-for-youtube/
address: 126 countries provides more server locations for a from https://www.zdnet.com/article/best-vpn-for-youtube/
address: 4 Read More Show Expert Take Show less Show less E from https://www.zdnet.com/article/best-vpn-for-youtube/
address: 105 countries uses obfuscation technology to evade from https://www.zdnet.com/article/best-vpn-for-youtube/
address: 7 Pros Simple VPN apps Strong server obfuscation R from https://www.zdnet.com/article/best-vpn-for-youtube/
address: 105 countries uses obfuscation technology to evade from https://www.zdnet.com/article/best-vpn-for-youtube/
address: 7 Read More Show Expert Take Show less Show less C from https://www.zdnet.com/article/best-vpn-for-youtube/
address: 5 Score CyberGhost CyberGhost is a popular VPN in  from https://www.zdnet.com/article/best-vpn-for-youtube/
address: 50 US states is unlike most from https://www.zdnet.com/article/best-vpn-for-youtube/
address: 40 for the first from https://www.zdnet.com/article/best-vpn-for-youtube/
address: 79 total for three years Network 35,000 servers in from https://www.zdnet.com/article/best-vpn-for-youtube/
address: 2025 tests Jurisdiction United States Private Inte from https://www.zdnet.com/article/best-vpn-for-youtube/
address: 50 US states is unlike most from https://www.zdnet.com/article/best-vpn-for-youtube/
address: 7 Read More Show Expert Take Show less Best YouTub from https://www.zdnet.com/article/best-vpn-for-youtube/
address: 45 days. Private Internet Access The best from https://www.zdnet.com/article/best-vpn-for-youtube/
address: 19 a month for two years, and you can connect from https://www.zdnet.com/article/best-vpn-for-youtube/
address: 19 a month for two years, and you can connect from https://www.zdnet.com/article/best-vpn-for-youtube/
address: 2026 . Further ZDNET Tech Coverage Smartphones Bes from https://www.zdnet.com/article/best-vpn-for-youtube/
address: 1000 Best Windows laptop Best laptop for video edi from https://www.zdnet.com/article/best-vpn-for-youtube/
address: 10 or 11 How to create a drop down list from https://www.zdnet.com/article/best-vpn-for-youtube/
address: 5 best from https://www.zdnet.com/article/best-vpn-for-youtube/
address: 5 best from https://www.zdnet.com/article/best-vpn-for-youtube/
address_full: 07 AM PDT Best from https://www.zdnet.com/article/best-travel-vpn/
address_full: 2026 Show less NordVPN View now at NordVPN You can from https://www.zdnet.com/article/best-travel-vpn/
address_full: 10 simultaneous device connections under one accou from https://www.zdnet.com/article/best-travel-vpn/
address_full: 09 per month on a standard from https://www.zdnet.com/article/best-travel-vpn/
address_full: 7 Countries and servers 10 Usability 9 Speed and p from https://www.zdnet.com/article/best-travel-vpn/
address_full: 60 for the first from https://www.zdnet.com/article/best-travel-vpn/
address_full: 83 total for the first from https://www.zdnet.com/article/best-travel-vpn/
address_full: 2025 tests Jurisdiction Panama NordVPN Fastest VPN from https://www.zdnet.com/article/best-travel-vpn/
address_full: 5 Score NordVPN You can depend on NordVPN no matte from https://www.zdnet.com/article/best-travel-vpn/
address_full: 10 simultaneous device connections under one accou from https://www.zdnet.com/article/best-travel-vpn/
address_full: 09 per month on a standard from https://www.zdnet.com/article/best-travel-vpn/
address_full: 7 Read More Show Expert Take Show less Show less S from https://www.zdnet.com/article/best-travel-vpn/
address_full: 100 countries, giving you numerous options for str from https://www.zdnet.com/article/best-travel-vpn/
address_full: 78 per month.   Surfshark can be slower than its c from https://www.zdnet.com/article/best-travel-vpn/
address_full: 98 per month for a one-year plan. One- and two-yea from https://www.zdnet.com/article/best-travel-vpn/
address_full: 7 Countries and servers 8 Usability 9 Speed and pe from https://www.zdnet.com/article/best-travel-vpn/
address_full: 48 for the first from https://www.zdnet.com/article/best-travel-vpn/
address_full: 60 for the first from https://www.zdnet.com/article/best-travel-vpn/
address_full: 100 countries Surfshark Best from https://www.zdnet.com/article/best-travel-vpn/
address_full: 5 Score Surfshark Surfshark is an excellent option from https://www.zdnet.com/article/best-travel-vpn/
address_full: 100 countries, giving you numerous options for str from https://www.zdnet.com/article/best-travel-vpn/
address_full: 78 per month.   Surfshark can be slower than its c from https://www.zdnet.com/article/best-travel-vpn/
address_full: 98 per month for a one-year plan. One- and two-yea from https://www.zdnet.com/article/best-travel-vpn/
address_full: 7 Read More Show Expert Take Show less Show less E from https://www.zdnet.com/article/best-travel-vpn/
address_full: 79 per month for a basic plan, with four months of from https://www.zdnet.com/article/best-travel-vpn/
address_full: 7 Pros Extremely fast Expansive server network Beg from https://www.zdnet.com/article/best-travel-vpn/
address_full: 79 per month for a basic plan, with four months of from https://www.zdnet.com/article/best-travel-vpn/
address_full: 6 Countries and servers 8 Usability 8 Speed and pe from https://www.zdnet.com/article/best-travel-vpn/
address_full: 6 Pros Easy to use Reasonable speeds Privacy-focus from https://www.zdnet.com/article/best-travel-vpn/
address_full: 6 Read More Show Expert Take Show less Travel VPNs from https://www.zdnet.com/article/best-travel-vpn/
address_full: 2026 Furthermore, a travel-ready VPN should be com from https://www.zdnet.com/article/best-travel-vpn/
address_full: 50 US states. IPVanish A VPN that offers unlimited from https://www.zdnet.com/article/best-travel-vpn/
address_full: 20 per month, you can also find solid, reliable VP from https://www.zdnet.com/article/best-travel-vpn/
address_full: 2026 Show more What is a DNS leak, and why does it from https://www.zdnet.com/article/best-travel-vpn/
address_full: 36 upfront on a yearly contract from https://www.zdnet.com/article/best-travel-vpn/
address_full: 80 -- price, no matter how long you want to use th from https://www.zdnet.com/article/best-travel-vpn/
address_full: 20 to try it out, we recommend you sign up for a l from https://www.zdnet.com/article/best-travel-vpn/
address_full: 59 per month with three months free. However, to t from https://www.zdnet.com/article/best-travel-vpn/
address_full: 75 per month for a two-year plan with two months f from https://www.zdnet.com/article/best-travel-vpn/
address_full: 50 per month on the cheapest from https://www.zdnet.com/article/best-travel-vpn/
address_full: 50 per month on the cheapest from https://www.zdnet.com/article/best-travel-vpn/
address_full: 1000 Best Windows laptop Best laptop for video edi from https://www.zdnet.com/article/best-travel-vpn/
address_full: 10 or 11 How to create a drop down list from https://www.zdnet.com/article/best-travel-vpn/
address_full: 000 Flock cameras have from https://www.zdnet.com/article/best-travel-vpn/
address_full: 000 Flock cameras have from https://www.zdnet.com/article/best-travel-vpn/
date: May 20, 2026 from https://www.zdnet.com/article/best-travel-vpn/
date: May 20, 2026 from https://www.zdnet.com/article/best-travel-vpn/
address: 07 AM PDT Best from https://www.zdnet.com/article/best-travel-vpn/
address: 10 simultaneous device connections under one accou from https://www.zdnet.com/article/best-travel-vpn/
address: 09 per month on a standard from https://www.zdnet.com/article/best-travel-vpn/
address: 7 Countries and servers 10 Usability 9 Speed and p from https://www.zdnet.com/article/best-travel-vpn/
address: 60 for the first from https://www.zdnet.com/article/best-travel-vpn/
address: 83 total for the first from https://www.zdnet.com/article/best-travel-vpn/
address: 2025 tests Jurisdiction Panama NordVPN Fastest VPN from https://www.zdnet.com/article/best-travel-vpn/
address: 10 simultaneous device connections under one accou from https://www.zdnet.com/article/best-travel-vpn/
address: 09 per month on a standard from https://www.zdnet.com/article/best-travel-vpn/
address: 48 for the first from https://www.zdnet.com/article/best-travel-vpn/
address: 60 for the first from https://www.zdnet.com/article/best-travel-vpn/
address: 100 countries Surfshark Best from https://www.zdnet.com/article/best-travel-vpn/
address: 7 Read More Show Expert Take Show less Show less E from https://www.zdnet.com/article/best-travel-vpn/
address: 7 Pros Extremely fast from https://www.zdnet.com/article/best-travel-vpn/
address: 6 Countries and servers 8 Usability 8 Speed and pe from https://www.zdnet.com/article/best-travel-vpn/
address: 6 Read More Show Expert Take Show less Travel VPNs from https://www.zdnet.com/article/best-travel-vpn/
address: 50 US states. IPVanish A VPN that offers unlimited from https://www.zdnet.com/article/best-travel-vpn/
address: 20 per month, you can also find solid, reliable VP from https://www.zdnet.com/article/best-travel-vpn/
address: 36 upfront on a yearly contract from https://www.zdnet.com/article/best-travel-vpn/
address: 30 days, although CyberGhost offers 45 days. You c from https://www.zdnet.com/article/best-travel-vpn/
address: 50 per month on the cheapest from https://www.zdnet.com/article/best-travel-vpn/
address: 50 per month on the cheapest from https://www.zdnet.com/article/best-travel-vpn/
address: 1000 Best Windows laptop Best laptop for video edi from https://www.zdnet.com/article/best-travel-vpn/
address: 10 or 11 How to create a drop down list from https://www.zdnet.com/article/best-travel-vpn/
address: 000 Flock cameras have from https://www.zdnet.com/article/best-travel-vpn/
address: 000 Flock cameras have from https://www.zdnet.com/article/best-travel-vpn/
address_full: 07 AM PDT Best from https://www.zdnet.com/article/best-vpn/
address_full: 2026 is NordVPN . NordVPN offers the full package  from https://www.zdnet.com/article/best-vpn/
address_full: 09 per month. My second choice is Surfshark . This from https://www.zdnet.com/article/best-vpn/
address_full: 78 per month on the lowest from https://www.zdnet.com/article/best-vpn/
address_full: 2026 Show less NordVPN View now at NordVPN NordVPN from https://www.zdnet.com/article/best-vpn/
address_full: 2 router , it also excelled in accessing streaming from https://www.zdnet.com/article/best-vpn/
address_full: 135 countries. It also allows you to connect from https://www.zdnet.com/article/best-vpn/
address_full: 60 for the first from https://www.zdnet.com/article/best-vpn/
address_full: 83 total for the first from https://www.zdnet.com/article/best-vpn/
address_full: 2025 tests Jurisdiction Panama NordVPN Fastest VPN from https://www.zdnet.com/article/best-vpn/
address_full: 5 Score NordVPN NordVPN is one of the most widely  from https://www.zdnet.com/article/best-vpn/
address_full: 2 router , it also excelled in accessing streaming from https://www.zdnet.com/article/best-vpn/
address_full: 135 countries. It also allows you to connect from https://www.zdnet.com/article/best-vpn/
address_full: 100 countries, you have plenty of locations to cho from https://www.zdnet.com/article/best-vpn/
address_full: 3 per month range. The cheapest option, a two-year from https://www.zdnet.com/article/best-vpn/
address_full: 78 per month at the time of writing, with three mo from https://www.zdnet.com/article/best-vpn/
address_full: 7 Countries and servers 8 Usability 9 Speed and pe from https://www.zdnet.com/article/best-vpn/
address_full: 48 for the first from https://www.zdnet.com/article/best-vpn/
address_full: 60 for the first from https://www.zdnet.com/article/best-vpn/
address_full: 100 countries Surfshark Best from https://www.zdnet.com/article/best-vpn/
address_full: 100 countries, you have plenty of locations to cho from https://www.zdnet.com/article/best-vpn/
address_full: 3 per month range. The cheapest option, a two-year from https://www.zdnet.com/article/best-vpn/
address_full: 78 per month at the time of writing, with three mo from https://www.zdnet.com/article/best-vpn/
address_full: 6 Countries and servers 7 Usability 6 Speed and pe from https://www.zdnet.com/article/best-vpn/
address_full: 60 for the first from https://www.zdnet.com/article/best-vpn/
address_full: 108 for the first from https://www.zdnet.com/article/best-vpn/
address_full: 6 Read More Show Expert Take Show less Show less I from https://www.zdnet.com/article/best-vpn/
address_full: 40 for the first from https://www.zdnet.com/article/best-vpn/
address_full: 79 total for three years Network 35,000 servers in from https://www.zdnet.com/article/best-vpn/
address_full: 2025 tests Jurisdiction United States IPVanish Bes from https://www.zdnet.com/article/best-vpn/
address_full: 5 Score IPVanish IPVanish is a solid, customizable from https://www.zdnet.com/article/best-vpn/
address_full: 79 per month on a two-year contract, with four mon from https://www.zdnet.com/article/best-vpn/
address_full: 78 for two years Latest from https://www.zdnet.com/article/best-vpn/
address_full: 2025 tests Jurisdiction British Virgin Islands Net from https://www.zdnet.com/article/best-vpn/
address_full: 79 per month on a two-year contract, with four mon from https://www.zdnet.com/article/best-vpn/
address_full: 7 Read More Show Expert Take Show less Best VPNs,  from https://www.zdnet.com/article/best-vpn/
address_full: 3 per month on a two-year contract from https://www.zdnet.com/article/best-vpn/
address_full: 79 per month on a two-year plan Yes 105 10 - 14 Sh from https://www.zdnet.com/article/best-vpn/
address_full: 27 Mbps download and 108.72 Mbps upload . Each sma from https://www.zdnet.com/article/best-vpn/
address_full: 50 and 60 Mbps download and around 15 to 20 Mbps u from https://www.zdnet.com/article/best-vpn/
address_full: 24 upfront on a yearly contract, plus tax. One of  from https://www.zdnet.com/article/best-vpn/
address_full: 75 per month plus two months free, which is the ch from https://www.zdnet.com/article/best-vpn/
address_full: 75 per month plus two months free, which is the ch from https://www.zdnet.com/article/best-vpn/
address_full: 42 per month. Windscribe Best from https://www.zdnet.com/article/best-vpn/
address_full: 59 per month. Private Internet Access Best from https://www.zdnet.com/article/best-vpn/
address_full: 2026 useful. If you want to explore the world of V from https://www.zdnet.com/article/best-vpn/
address_full: 1000 Best Windows laptop Best laptop for video edi from https://www.zdnet.com/article/best-vpn/
address_full: 10 or 11 How to create a drop down list from https://www.zdnet.com/article/best-vpn/
address_full: 5 best from https://www.zdnet.com/article/best-vpn/
address_full: 5 best from https://www.zdnet.com/article/best-vpn/
date: May 20, 2026 from https://www.zdnet.com/article/best-vpn/
date: May 20, 2026 from https://www.zdnet.com/article/best-vpn/
address: 07 AM PDT Best from https://www.zdnet.com/article/best-vpn/
address: 2026 is NordVPN . NordVPN offers the full package  from https://www.zdnet.com/article/best-vpn/
address: 78 per month on the lowest from https://www.zdnet.com/article/best-vpn/
address: 2026 Show less NordVPN View now at NordVPN NordVPN from https://www.zdnet.com/article/best-vpn/
address: 2 router , it also excelled in accessing streaming from https://www.zdnet.com/article/best-vpn/
address: 135 countries. It also allows you to connect from https://www.zdnet.com/article/best-vpn/
address: 60 for the first from https://www.zdnet.com/article/best-vpn/
address: 83 total for the first from https://www.zdnet.com/article/best-vpn/
address: 2025 tests Jurisdiction Panama NordVPN Fastest VPN from https://www.zdnet.com/article/best-vpn/
address: 5 Score NordVPN NordVPN is one of the most widely  from https://www.zdnet.com/article/best-vpn/
address: 2 router , it also excelled in accessing streaming from https://www.zdnet.com/article/best-vpn/
address: 135 countries. It also allows you to connect from https://www.zdnet.com/article/best-vpn/
address: 100 countries, you have plenty of locations to cho from https://www.zdnet.com/article/best-vpn/
address: 3 per month range. The cheapest from https://www.zdnet.com/article/best-vpn/
address: 78 per month at the time of writing, with three mo from https://www.zdnet.com/article/best-vpn/
address: 48 for the first from https://www.zdnet.com/article/best-vpn/
address: 60 for the first from https://www.zdnet.com/article/best-vpn/
address: 100 countries Surfshark Best from https://www.zdnet.com/article/best-vpn/
address: 100 countries, you have plenty of locations to cho from https://www.zdnet.com/article/best-vpn/
address: 3 per month range. The cheapest from https://www.zdnet.com/article/best-vpn/
address: 78 per month at the time of writing, with three mo from https://www.zdnet.com/article/best-vpn/
address: 117 countries Latest from https://www.zdnet.com/article/best-vpn/
address: 60 for the first from https://www.zdnet.com/article/best-vpn/
address: 108 for the first from https://www.zdnet.com/article/best-vpn/
address: 40 for the first from https://www.zdnet.com/article/best-vpn/
address: 79 total for three years Network 35,000 servers in from https://www.zdnet.com/article/best-vpn/
address: 2025 tests Jurisdiction United States IPVanish Bes from https://www.zdnet.com/article/best-vpn/
address: 78 for two years Latest from https://www.zdnet.com/article/best-vpn/
address: 2025 tests Jurisdiction British Virgin Islands Net from https://www.zdnet.com/article/best-vpn/
address: 7 Read More Show Expert Take Show less Best VPNs,  from https://www.zdnet.com/article/best-vpn/
address: 14 Show more How do we test the best from https://www.zdnet.com/article/best-vpn/
address: 27 Mbps download and 108.72 Mbps upload . Each sma from https://www.zdnet.com/article/best-vpn/
address: 50 and 60 Mbps download and around 15 to 20 Mbps u from https://www.zdnet.com/article/best-vpn/
address: 24 upfront on a yearly contract from https://www.zdnet.com/article/best-vpn/
address: 75 per month plus two months free, which is the ch from https://www.zdnet.com/article/best-vpn/
address: 75 per month plus two months free, which is the ch from https://www.zdnet.com/article/best-vpn/
address: 42 per month. Windscribe Best from https://www.zdnet.com/article/best-vpn/
address: 59 per month. Private Internet Access Best from https://www.zdnet.com/article/best-vpn/
address: 2026 useful. If you want to explore the world of V from https://www.zdnet.com/article/best-vpn/
address: 1000 Best Windows laptop Best laptop for video edi from https://www.zdnet.com/article/best-vpn/
address: 10 or 11 How to create a drop down list from https://www.zdnet.com/article/best-vpn/
address: 5 best from https://www.zdnet.com/article/best-vpn/
address: 5 best from https://www.zdnet.com/article/best-vpn/
address_full: 2026 I put NordVPN through rigorous testing to eva from https://www.zdnet.com/article/nordvpn-review-2026/
address_full: 5 Very good pros and cons Pros Checks all the VPN  from https://www.zdnet.com/article/nordvpn-review-2026/
address_full: 2026 NordVPN Fastest VPN for traveling Read more a from https://www.zdnet.com/article/nordvpn-review-2026/
address_full: 111 countries, slightly more than ExpressVPN or Su from https://www.zdnet.com/article/nordvpn-review-2026/
address_full: 269 Manchester from https://www.zdnet.com/article/nordvpn-review-2026/
address_full: 7 apps I use to lock down, encrypt, and store my p from https://www.zdnet.com/article/nordvpn-review-2026/
address_full: 000 steps with my Apple Watch, Google Pixel, and O from https://www.zdnet.com/article/nordvpn-review-2026/
address_full: 2026 and made a tough choice I walked 3,000 steps  from https://www.zdnet.com/article/nordvpn-review-2026/
date: May 20, 2026 from https://www.zdnet.com/article/nordvpn-review-2026/
date: 5/9/14 from https://www.zdnet.com/article/nordvpn-review-2026/
address: 2026 I put NordVPN through rigorous testing to eva from https://www.zdnet.com/article/nordvpn-review-2026/
address: 5 Very good pros and cons Pros Checks all the VPN  from https://www.zdnet.com/article/nordvpn-review-2026/
address: 2026 NordVPN Fastest VPN for traveling Read more a from https://www.zdnet.com/article/nordvpn-review-2026/
address_full: 00 AM PDT The best from https://www.zdnet.com/article/best-browser-for-privacy/
address_full: 68 , Brave became the first iOS browser to automat from https://www.zdnet.com/article/best-browser-for-privacy/
address_full: 000 times, and its interesting Shred feature, a wa from https://www.zdnet.com/article/best-browser-for-privacy/
address_full: 8 Pros Fast Not in the traditional online ad busin from https://www.zdnet.com/article/best-browser-for-privacy/
address_full: 68 , Brave became the first iOS browser to automat from https://www.zdnet.com/article/best-browser-for-privacy/
address_full: 000 times, and its interesting Shred feature, a wa from https://www.zdnet.com/article/best-browser-for-privacy/
address_full: 6 Pros High levels of anonymity DuckDuckGo integra from https://www.zdnet.com/article/best-browser-for-privacy/
address_full: 6 Read More Show Expert Take Show less Show less D from https://www.zdnet.com/article/best-browser-for-privacy/
address_full: 5 great Chrome browser alternatives that put your  from https://www.zdnet.com/article/best-browser-for-privacy/
address_full: 8 Pros Available across different operating system from https://www.zdnet.com/article/best-browser-for-privacy/
address_full: 5 great Chrome browser alternatives that put your  from https://www.zdnet.com/article/best-browser-for-privacy/
address_full: 6 Pros Enhanced tracking prevention Focus on acces from https://www.zdnet.com/article/best-browser-for-privacy/
address_full: 5 alternative browsers that might just replace from https://www.zdnet.com/article/best-browser-for-privacy/
address_full: 1 Pros Heavyweight privacy developers Fingerprint, from https://www.zdnet.com/article/best-browser-for-privacy/
address_full: 5 alternative browsers that might just replace from https://www.zdnet.com/article/best-browser-for-privacy/
address_full: 1 Read More Show Expert Take Show less What is the from https://www.zdnet.com/article/best-browser-for-privacy/
address_full: 600 tracking attempts are blocked in a typical ses from https://www.zdnet.com/article/best-browser-for-privacy/
address_full: 1000 Best Windows laptop Best laptop for video edi from https://www.zdnet.com/article/best-browser-for-privacy/
address_full: 10 or 11 How to create a drop down list from https://www.zdnet.com/article/best-browser-for-privacy/
address_full: 5 best from https://www.zdnet.com/article/best-browser-for-privacy/
address_full: 5 best from https://www.zdnet.com/article/best-browser-for-privacy/
date: May 14, 2026 from https://www.zdnet.com/article/best-browser-for-privacy/
date: May 14, 2026 from https://www.zdnet.com/article/best-browser-for-privacy/
address: 00 AM PDT The best from https://www.zdnet.com/article/best-browser-for-privacy/
address: 68 , Brave became the first iOS browser to automat from https://www.zdnet.com/article/best-browser-for-privacy/
address: 000 times, and its interesting Shred feature, a wa from https://www.zdnet.com/article/best-browser-for-privacy/
address: 8 Pros Fast from https://www.zdnet.com/article/best-browser-for-privacy/
address: 68 , Brave became the first iOS browser to automat from https://www.zdnet.com/article/best-browser-for-privacy/
address: 000 times, and its interesting Shred feature, a wa from https://www.zdnet.com/article/best-browser-for-privacy/
address: 6 Pros High levels of anonymity DuckDuckGo integra from https://www.zdnet.com/article/best-browser-for-privacy/
address: 6 Read More Show Expert Take Show less Show less D from https://www.zdnet.com/article/best-browser-for-privacy/
address: 5 great Chrome browser alternatives that put your  from https://www.zdnet.com/article/best-browser-for-privacy/
address: 8 Pros Available across different operating system from https://www.zdnet.com/article/best-browser-for-privacy/
address: 5 great Chrome browser alternatives that put your  from https://www.zdnet.com/article/best-browser-for-privacy/
address: 6 Pros Enhanced tracking prevention Focus on acces from https://www.zdnet.com/article/best-browser-for-privacy/
address: 5 alternative browsers that might just from https://www.zdnet.com/article/best-browser-for-privacy/
address: 5 alternative browsers that might just from https://www.zdnet.com/article/best-browser-for-privacy/
address: 1 Read More Show Expert Take Show less What is the from https://www.zdnet.com/article/best-browser-for-privacy/
address: 1000 Best Windows laptop Best laptop for video edi from https://www.zdnet.com/article/best-browser-for-privacy/
address: 10 or 11 How to create a drop down list from https://www.zdnet.com/article/best-browser-for-privacy/
address: 5 best from https://www.zdnet.com/article/best-browser-for-privacy/
address: 5 best from https://www.zdnet.com/article/best-browser-for-privacy/
address_full: 00 AM PDT The best from https://www.zdnet.com/article/best-chrome-vpn/
address_full: 79 per month, with four months of free VPN access  from https://www.zdnet.com/article/best-chrome-vpn/
address_full: 7 Pros Fast speeds Large server network Beginner-f from https://www.zdnet.com/article/best-chrome-vpn/
address_full: 79 per month, with four months of free VPN access  from https://www.zdnet.com/article/best-chrome-vpn/
address_full: 7 Read More Show Expert Take Show less Show less Z from https://www.zdnet.com/article/best-chrome-vpn/
address_full: 78 per month on a two-year plan, which includes th from https://www.zdnet.com/article/best-chrome-vpn/
address_full: 7 Pros Wide array of useful features Affordable Un from https://www.zdnet.com/article/best-chrome-vpn/
address_full: 78 per month on a two-year plan, which includes th from https://www.zdnet.com/article/best-chrome-vpn/
address_full: 7 Read More Show Expert Take Show less Show less V from https://www.zdnet.com/article/best-chrome-vpn/
address_full: 137 locations to choose from, and you can connect from https://www.zdnet.com/article/best-chrome-vpn/
address_full: 7 Pros Straightforward apps Fast and reliable conn from https://www.zdnet.com/article/best-chrome-vpn/
address_full: 137 locations to choose from, and you can connect from https://www.zdnet.com/article/best-chrome-vpn/
address_full: 6 Pros A trustworthy free option Privacy-focused R from https://www.zdnet.com/article/best-chrome-vpn/
address_full: 108 countries, and each option displays ping speed from https://www.zdnet.com/article/best-chrome-vpn/
address_full: 6 Pros Unlimited simultaneous connections Recent s from https://www.zdnet.com/article/best-chrome-vpn/
address_full: 108 countries, and each option displays ping speed from https://www.zdnet.com/article/best-chrome-vpn/
address_full: 6 Read More Show Expert Take Show less VPN extensi from https://www.zdnet.com/article/best-chrome-vpn/
address_full: 3 per month on a two-year contract from https://www.zdnet.com/article/best-chrome-vpn/
address_full: 19 per month on a two-year contract from https://www.zdnet.com/article/best-chrome-vpn/
address_full: 30 days to cancel and secure a refund. Some even o from https://www.zdnet.com/article/best-chrome-vpn/
address_full: 59 per month, and you receive three months of free from https://www.zdnet.com/article/best-chrome-vpn/
address_full: 59 per month, and you receive three months of free from https://www.zdnet.com/article/best-chrome-vpn/
address_full: 75 per month with two months of free service on a  from https://www.zdnet.com/article/best-chrome-vpn/
address_full: 75 per month with two months of free service on a  from https://www.zdnet.com/article/best-chrome-vpn/
address_full: 2026 and the best VPNs for travel . Further ZDNET  from https://www.zdnet.com/article/best-chrome-vpn/
address_full: 1000 Best Windows laptop Best laptop for video edi from https://www.zdnet.com/article/best-chrome-vpn/
address_full: 10 or 11 How to create a drop down list from https://www.zdnet.com/article/best-chrome-vpn/
address_full: 5 best from https://www.zdnet.com/article/best-chrome-vpn/
address_full: 5 best from https://www.zdnet.com/article/best-chrome-vpn/
date: May 7, 2026 from https://www.zdnet.com/article/best-chrome-vpn/
date: May 7, 2026 from https://www.zdnet.com/article/best-chrome-vpn/
address: 00 AM PDT The best from https://www.zdnet.com/article/best-chrome-vpn/
address: 79 per month, with four months of free VPN access  from https://www.zdnet.com/article/best-chrome-vpn/
address: 7 Pros Fast from https://www.zdnet.com/article/best-chrome-vpn/
address: 79 per month, with four months of free VPN access  from https://www.zdnet.com/article/best-chrome-vpn/
address: 7 Read More Show Expert Take Show less Show less Z from https://www.zdnet.com/article/best-chrome-vpn/
address: 7 Pros Wide array of useful features Affordable Un from https://www.zdnet.com/article/best-chrome-vpn/
address: 7 Read More Show Expert Take Show less Show less V from https://www.zdnet.com/article/best-chrome-vpn/
address: 137 locations to choose from, and you can connect from https://www.zdnet.com/article/best-chrome-vpn/
address: 7 Pros Straightforward apps Fast and reliable conn from https://www.zdnet.com/article/best-chrome-vpn/
address: 137 locations to choose from, and you can connect from https://www.zdnet.com/article/best-chrome-vpn/
address: 108 countries, and each option displays ping speed from https://www.zdnet.com/article/best-chrome-vpn/
address: 6 Pros Unlimited simultaneous connections Recent s from https://www.zdnet.com/article/best-chrome-vpn/
address: 108 countries, and each option displays ping speed from https://www.zdnet.com/article/best-chrome-vpn/
address: 6 Read More Show Expert Take Show less VPN extensi from https://www.zdnet.com/article/best-chrome-vpn/
address: 30 days to cancel and secure a refund. Some even o from https://www.zdnet.com/article/best-chrome-vpn/
address: 2026 and the best VPNs for travel . Further ZDNET  from https://www.zdnet.com/article/best-chrome-vpn/
address: 1000 Best Windows laptop Best laptop for video edi from https://www.zdnet.com/article/best-chrome-vpn/
address: 10 or 11 How to create a drop down list from https://www.zdnet.com/article/best-chrome-vpn/
address: 5 best from https://www.zdnet.com/article/best-chrome-vpn/
address: 5 best from https://www.zdnet.com/article/best-chrome-vpn/
address_full: 00 AM PDT The best from https://www.zdnet.com/article/best-mobile-antivirus-software/
address_full: 2026 Sort by All The best from https://www.zdnet.com/article/best-mobile-antivirus-software/
address_full: 2026 version keeps that streak alive. The standout from https://www.zdnet.com/article/best-mobile-antivirus-software/
address_full: 2026 version keeps that streak alive. The standout from https://www.zdnet.com/article/best-mobile-antivirus-software/
address_full: 2025 testing, it scored a perfect from https://www.zdnet.com/article/best-mobile-antivirus-software/
address_full: 2025 Affordable on long-term plans Cons No antivir from https://www.zdnet.com/article/best-mobile-antivirus-software/
address_full: 2025 testing, it scored a perfect from https://www.zdnet.com/article/best-mobile-antivirus-software/
address_full: 2025 report, Avast scored a perfect from https://www.zdnet.com/article/best-mobile-antivirus-software/
address_full: 2025 Wi-Fi security scanning included Cons Free ve from https://www.zdnet.com/article/best-mobile-antivirus-software/
address_full: 2025 report, Avast scored a perfect from https://www.zdnet.com/article/best-mobile-antivirus-software/
address_full: 000 samples. Strong numbers for a product with a s from https://www.zdnet.com/article/best-mobile-antivirus-software/
address_full: 000 samples. Strong numbers for a product with a s from https://www.zdnet.com/article/best-mobile-antivirus-software/
address_full: 2025 mobile security review, researchers tested pr from https://www.zdnet.com/article/best-mobile-antivirus-software/
address_full: 360 for Mobile Best from https://www.zdnet.com/article/best-mobile-antivirus-software/
address_full: 1000 Best Windows laptop Best laptop for video edi from https://www.zdnet.com/article/best-mobile-antivirus-software/
address_full: 10 or 11 How to create a drop down list from https://www.zdnet.com/article/best-mobile-antivirus-software/
address_full: 5 best from https://www.zdnet.com/article/best-mobile-antivirus-software/
address_full: 5 best from https://www.zdnet.com/article/best-mobile-antivirus-software/
date: May 5, 2026 from https://www.zdnet.com/article/best-mobile-antivirus-software/
date: May 5, 2026 from https://www.zdnet.com/article/best-mobile-antivirus-software/
address: 00 AM PDT The best from https://www.zdnet.com/article/best-mobile-antivirus-software/
address: 2026 Sort by All The best from https://www.zdnet.com/article/best-mobile-antivirus-software/
address: 2026 version keeps that streak alive. The standout from https://www.zdnet.com/article/best-mobile-antivirus-software/
address: 2026 version keeps that streak alive. The standout from https://www.zdnet.com/article/best-mobile-antivirus-software/
address: 2025 testing, it scored a perfect from https://www.zdnet.com/article/best-mobile-antivirus-software/
address: 2025 testing, it scored a perfect from https://www.zdnet.com/article/best-mobile-antivirus-software/
address: 2025 report, Avast scored a perfect from https://www.zdnet.com/article/best-mobile-antivirus-software/
address: 2025 report, Avast scored a perfect from https://www.zdnet.com/article/best-mobile-antivirus-software/
address: 000 samples. Strong numbers for a product from https://www.zdnet.com/article/best-mobile-antivirus-software/
address: 000 samples. Strong numbers for a product from https://www.zdnet.com/article/best-mobile-antivirus-software/
address: 2025 mobile security review, researchers tested pr from https://www.zdnet.com/article/best-mobile-antivirus-software/
address: 360 for Mobile Best from https://www.zdnet.com/article/best-mobile-antivirus-software/
address: 1000 Best Windows laptop Best laptop for video edi from https://www.zdnet.com/article/best-mobile-antivirus-software/
address: 10 or 11 How to create a drop down list from https://www.zdnet.com/article/best-mobile-antivirus-software/
address: 5 best from https://www.zdnet.com/article/best-mobile-antivirus-software/
address: 5 best from https://www.zdnet.com/article/best-mobile-antivirus-software/
address_full: 01 AM PDT The best from https://www.zdnet.com/article/best-iphone-vpn/
address_full: 09 per month, NordVPN offers fast speeds, reliable from https://www.zdnet.com/article/best-iphone-vpn/
address_full: 16 or later from https://www.zdnet.com/article/best-iphone-vpn/
address_full: 2026 We consider this VPN one of the best availabl from https://www.zdnet.com/article/best-iphone-vpn/
address_full: 09 per month on a two-year standard from https://www.zdnet.com/article/best-iphone-vpn/
address_full: 60 for the first from https://www.zdnet.com/article/best-iphone-vpn/
address_full: 83 total for the first from https://www.zdnet.com/article/best-iphone-vpn/
address_full: 2025 tests Jurisdiction Panama NordVPN Fastest VPN from https://www.zdnet.com/article/best-iphone-vpn/
address_full: 16 or later from https://www.zdnet.com/article/best-iphone-vpn/
address_full: 2026 We consider this VPN one of the best availabl from https://www.zdnet.com/article/best-iphone-vpn/
address_full: 09 per month on a two-year standard from https://www.zdnet.com/article/best-iphone-vpn/
address_full: 105 countries, including all 50 US states. It also from https://www.zdnet.com/article/best-iphone-vpn/
address_full: 79 per month with four months free. A seven-day fr from https://www.zdnet.com/article/best-iphone-vpn/
address_full: 78 for two years Latest from https://www.zdnet.com/article/best-iphone-vpn/
address_full: 2025 tests Jurisdiction British Virgin Islands Net from https://www.zdnet.com/article/best-iphone-vpn/
address_full: 105 countries, including all 50 US states. It also from https://www.zdnet.com/article/best-iphone-vpn/
address_full: 79 per month with four months free. A seven-day fr from https://www.zdnet.com/article/best-iphone-vpn/
address_full: 30 minutes, or a few hours. This comes in handy if from https://www.zdnet.com/article/best-iphone-vpn/
address_full: 78 per month on a two-year contract from https://www.zdnet.com/article/best-iphone-vpn/
address_full: 7 Countries and servers 8 Usability 9 Speed and pe from https://www.zdnet.com/article/best-iphone-vpn/
address_full: 48 for the first from https://www.zdnet.com/article/best-iphone-vpn/
address_full: 60 for the first from https://www.zdnet.com/article/best-iphone-vpn/
address_full: 100 countries Surfshark VPN Best from https://www.zdnet.com/article/best-iphone-vpn/
address_full: 30 minutes, or a few hours. This comes in handy if from https://www.zdnet.com/article/best-iphone-vpn/
address_full: 78 per month on a two-year contract from https://www.zdnet.com/article/best-iphone-vpn/
address_full: 145 countries, making it one of the largest from https://www.zdnet.com/article/best-iphone-vpn/
address_full: 3 per month. Note that Proton VPN requires iOS 17  from https://www.zdnet.com/article/best-iphone-vpn/
address_full: 6 Countries and servers 7 Usability 6 Speed and pe from https://www.zdnet.com/article/best-iphone-vpn/
address_full: 60 for the first from https://www.zdnet.com/article/best-iphone-vpn/
address_full: 108 for the first from https://www.zdnet.com/article/best-iphone-vpn/
address_full: 145 countries, making it one of the largest from https://www.zdnet.com/article/best-iphone-vpn/
address_full: 3 per month. Note that Proton VPN requires iOS 17  from https://www.zdnet.com/article/best-iphone-vpn/
address_full: 33 per month. IPVanish supports iOS 14 and up, whi from https://www.zdnet.com/article/best-iphone-vpn/
address_full: 108 locations made IPVanish more competitive, spee from https://www.zdnet.com/article/best-iphone-vpn/
address_full: 6 Countries and servers 8 Usability 8 Speed and pe from https://www.zdnet.com/article/best-iphone-vpn/
address_full: 33 per month. IPVanish supports iOS 14 and up, whi from https://www.zdnet.com/article/best-iphone-vpn/
address_full: 108 locations made IPVanish more competitive, spee from https://www.zdnet.com/article/best-iphone-vpn/
address_full: 6 Read More Show Expert Take Show less VPNs for iP from https://www.zdnet.com/article/best-iphone-vpn/
address_full: 15 or later from https://www.zdnet.com/article/best-iphone-vpn/
address_full: 10 per month, many excellent ones are available fo from https://www.zdnet.com/article/best-iphone-vpn/
address_full: 50 or so -- to provide variety. Most of the VPNs w from https://www.zdnet.com/article/best-iphone-vpn/
address_full: 100 terabits per second in aggregate network capac from https://www.zdnet.com/article/best-iphone-vpn/
address_full: 2 , released on April 22. It is likely that your V from https://www.zdnet.com/article/best-iphone-vpn/
address_full: 42 per month. Windscribe Best free alternative Win from https://www.zdnet.com/article/best-iphone-vpn/
address_full: 42 per month. Read More Show Expert Take Show less from https://www.zdnet.com/article/best-iphone-vpn/
address_full: 75 per month for a two-year contract with two mont from https://www.zdnet.com/article/best-iphone-vpn/
address_full: 75 per month for a two-year contract with two mont from https://www.zdnet.com/article/best-iphone-vpn/
address_full: 2026 are and how they compare, our favorite VPNs f from https://www.zdnet.com/article/best-iphone-vpn/
address_full: 1000 Best Windows laptop Best laptop for video edi from https://www.zdnet.com/article/best-iphone-vpn/
address_full: 10 or 11 How to create a drop down list from https://www.zdnet.com/article/best-iphone-vpn/
address_full: 5 best from https://www.zdnet.com/article/best-iphone-vpn/
address_full: 5 best from https://www.zdnet.com/article/best-iphone-vpn/
address: 01 AM PDT The best from https://www.zdnet.com/article/best-iphone-vpn/
address: 09 per month, NordVPN offers fast speeds, reliable from https://www.zdnet.com/article/best-iphone-vpn/
address: 2026 We consider this VPN one of the best availabl from https://www.zdnet.com/article/best-iphone-vpn/
address: 60 for the first from https://www.zdnet.com/article/best-iphone-vpn/
address: 83 total for the first from https://www.zdnet.com/article/best-iphone-vpn/
address: 2025 tests Jurisdiction Panama NordVPN Fastest VPN from https://www.zdnet.com/article/best-iphone-vpn/
address: 2026 We consider this VPN one of the best availabl from https://www.zdnet.com/article/best-iphone-vpn/
address: 105 countries, including all 50 US states. It also from https://www.zdnet.com/article/best-iphone-vpn/
address: 78 for two years Latest from https://www.zdnet.com/article/best-iphone-vpn/
address: 2025 tests Jurisdiction British Virgin Islands Net from https://www.zdnet.com/article/best-iphone-vpn/
address: 105 countries, including all 50 US states. It also from https://www.zdnet.com/article/best-iphone-vpn/
address: 7 Countries and servers 8 Usability 9 Speed and pe from https://www.zdnet.com/article/best-iphone-vpn/
address: 48 for the first from https://www.zdnet.com/article/best-iphone-vpn/
address: 60 for the first from https://www.zdnet.com/article/best-iphone-vpn/
address: 100 countries Surfshark VPN Best from https://www.zdnet.com/article/best-iphone-vpn/
address: 145 countries, making it one of the largest from https://www.zdnet.com/article/best-iphone-vpn/
address: 117 countries Latest from https://www.zdnet.com/article/best-iphone-vpn/
address: 60 for the first from https://www.zdnet.com/article/best-iphone-vpn/
address: 108 for the first from https://www.zdnet.com/article/best-iphone-vpn/
address: 145 countries, making it one of the largest from https://www.zdnet.com/article/best-iphone-vpn/
address: 33 per month. IPVanish supports iOS 14 and up, whi from https://www.zdnet.com/article/best-iphone-vpn/
address: 108 locations made IPVanish more competitive, spee from https://www.zdnet.com/article/best-iphone-vpn/
address: 6 Countries and servers 8 Usability 8 Speed and pe from https://www.zdnet.com/article/best-iphone-vpn/
address: 33 per month. IPVanish supports iOS 14 and up, whi from https://www.zdnet.com/article/best-iphone-vpn/
address: 108 locations made IPVanish more competitive, spee from https://www.zdnet.com/article/best-iphone-vpn/
address: 6 Read More Show Expert Take Show less VPNs for iP from https://www.zdnet.com/article/best-iphone-vpn/
address: 10 per month, many excellent ones are available fo from https://www.zdnet.com/article/best-iphone-vpn/
address: 20 locations in a boost from https://www.zdnet.com/article/best-iphone-vpn/
address: 2 , released on April 22. It is likely that your V from https://www.zdnet.com/article/best-iphone-vpn/
address: 42 per month. Windscribe Best free alternative Win from https://www.zdnet.com/article/best-iphone-vpn/
address: 42 per month. Read More Show Expert Take Show less from https://www.zdnet.com/article/best-iphone-vpn/
address: 2026 are and how they compare, our favorite VPNs f from https://www.zdnet.com/article/best-iphone-vpn/
address: 1000 Best Windows laptop Best laptop for video edi from https://www.zdnet.com/article/best-iphone-vpn/
address: 10 or 11 How to create a drop down list from https://www.zdnet.com/article/best-iphone-vpn/
address: 5 best from https://www.zdnet.com/article/best-iphone-vpn/
address: 5 best from https://www.zdnet.com/article/best-iphone-vpn/
address_full: 00 AM PDT The best from https://www.zdnet.com/article/best-apple-tv-vpns/
address_full: 79 per month, offers some of the fastest speeds an from https://www.zdnet.com/article/best-apple-tv-vpns/
address_full: 2026 The ZDNET team has decades of combined experi from https://www.zdnet.com/article/best-apple-tv-vpns/
address_full: 2026 Show less ExpressVPN View now at ExpressVPN E from https://www.zdnet.com/article/best-apple-tv-vpns/
address_full: 79 per month, with four months of free access adde from https://www.zdnet.com/article/best-apple-tv-vpns/
address_full: 59 per month, come with more simultaneous connecti from https://www.zdnet.com/article/best-apple-tv-vpns/
address_full: 7 Pros Rapid connections Large server network One  from https://www.zdnet.com/article/best-apple-tv-vpns/
address_full: 79 per month, with four months of free access adde from https://www.zdnet.com/article/best-apple-tv-vpns/
address_full: 59 per month, come with more simultaneous connecti from https://www.zdnet.com/article/best-apple-tv-vpns/
address_full: 7 Read More Show Expert Take Show less Show less N from https://www.zdnet.com/article/best-apple-tv-vpns/
address_full: 09 per month on a two-year contract. Available add from https://www.zdnet.com/article/best-apple-tv-vpns/
address_full: 60 for the first from https://www.zdnet.com/article/best-apple-tv-vpns/
address_full: 83 total for the first from https://www.zdnet.com/article/best-apple-tv-vpns/
address_full: 2025 tests Jurisdiction Panama NordVPN Fastest VPN from https://www.zdnet.com/article/best-apple-tv-vpns/
address_full: 5 Score NordVPN NordVPN is one of the best from https://www.zdnet.com/article/best-apple-tv-vpns/
address_full: 09 per month on a two-year contract. Available add from https://www.zdnet.com/article/best-apple-tv-vpns/
address_full: 7 Read More Show Expert Take Show less Show less S from https://www.zdnet.com/article/best-apple-tv-vpns/
address_full: 78 per month and come with three months of free ac from https://www.zdnet.com/article/best-apple-tv-vpns/
address_full: 7 Countries and servers 8 Usability 9 Speed and pe from https://www.zdnet.com/article/best-apple-tv-vpns/
address_full: 48 for the first from https://www.zdnet.com/article/best-apple-tv-vpns/
address_full: 60 for the first from https://www.zdnet.com/article/best-apple-tv-vpns/
address_full: 100 countries Surfshark VPN Best from https://www.zdnet.com/article/best-apple-tv-vpns/
address_full: 5 Score Surfshark Surfshark is the best from https://www.zdnet.com/article/best-apple-tv-vpns/
address_full: 78 per month and come with three months of free ac from https://www.zdnet.com/article/best-apple-tv-vpns/
address_full: 108 countries, put it on par with many rival servi from https://www.zdnet.com/article/best-apple-tv-vpns/
address_full: 6 Pros Unlimited connections Native Apple TV app R from https://www.zdnet.com/article/best-apple-tv-vpns/
address_full: 108 countries, put it on par with many rival servi from https://www.zdnet.com/article/best-apple-tv-vpns/
address_full: 6 Read More Show Expert Take Show less Show less P from https://www.zdnet.com/article/best-apple-tv-vpns/
address_full: 2026 product from https://www.zdnet.com/article/best-apple-tv-vpns/
address_full: 6 Countries and servers 7 Usability 6 Speed and pe from https://www.zdnet.com/article/best-apple-tv-vpns/
address_full: 60 for the first from https://www.zdnet.com/article/best-apple-tv-vpns/
address_full: 108 for the first from https://www.zdnet.com/article/best-apple-tv-vpns/
address_full: 5 Score Proton VPN Proton VPN, developed by engine from https://www.zdnet.com/article/best-apple-tv-vpns/
address_full: 2026 product from https://www.zdnet.com/article/best-apple-tv-vpns/
address_full: 17 several years ago, many VPN providers began dev from https://www.zdnet.com/article/best-apple-tv-vpns/
address_full: 5 or 6 simultaneous connections. However, I prefer from https://www.zdnet.com/article/best-apple-tv-vpns/
address_full: 30 days. Some VPN providers, like CyberGhost, offe from https://www.zdnet.com/article/best-apple-tv-vpns/
address_full: 135 countries, and reliable network connectivity.  from https://www.zdnet.com/article/best-apple-tv-vpns/
address_full: 100 terabits per second in aggregate network capac from https://www.zdnet.com/article/best-apple-tv-vpns/
address_full: 15 per month -- for specialized VPNs that work in  from https://www.zdnet.com/article/best-apple-tv-vpns/
address_full: 59 per month, and a dedicated Apple TV app is avai from https://www.zdnet.com/article/best-apple-tv-vpns/
address_full: 59 per month, and a dedicated Apple TV app is avai from https://www.zdnet.com/article/best-apple-tv-vpns/
address_full: 11 per month with three months free, Privado VPN i from https://www.zdnet.com/article/best-apple-tv-vpns/
address_full: 11 per month with three months free, Privado VPN i from https://www.zdnet.com/article/best-apple-tv-vpns/
address_full: 75 per month with two months free. It is a great V from https://www.zdnet.com/article/best-apple-tv-vpns/
address_full: 75 per month with two months free. It is a great V from https://www.zdnet.com/article/best-apple-tv-vpns/
address_full: 2026 , the best solutions for streaming , and our  from https://www.zdnet.com/article/best-apple-tv-vpns/
address_full: 1000 Best Windows laptop Best laptop for video edi from https://www.zdnet.com/article/best-apple-tv-vpns/
address_full: 10 or 11 How to create a drop down list from https://www.zdnet.com/article/best-apple-tv-vpns/
address_full: 5 best from https://www.zdnet.com/article/best-apple-tv-vpns/
address_full: 5 best from https://www.zdnet.com/article/best-apple-tv-vpns/
address: 00 AM PDT The best from https://www.zdnet.com/article/best-apple-tv-vpns/
address: 79 per month, offers some of the fastest speeds an from https://www.zdnet.com/article/best-apple-tv-vpns/
address: 2026 The ZDNET team has decades of combined experi from https://www.zdnet.com/article/best-apple-tv-vpns/
address: 2026 Show less ExpressVPN View now at ExpressVPN E from https://www.zdnet.com/article/best-apple-tv-vpns/
address: 79 per month, with four months of free access adde from https://www.zdnet.com/article/best-apple-tv-vpns/
address: 7 Pros Rapid connections Large server network One  from https://www.zdnet.com/article/best-apple-tv-vpns/
address: 79 per month, with four months of free access adde from https://www.zdnet.com/article/best-apple-tv-vpns/
address: 7 Read More Show Expert Take Show less Show less N from https://www.zdnet.com/article/best-apple-tv-vpns/
address: 60 for the first from https://www.zdnet.com/article/best-apple-tv-vpns/
address: 83 total for the first from https://www.zdnet.com/article/best-apple-tv-vpns/
address: 2025 tests Jurisdiction Panama NordVPN Fastest VPN from https://www.zdnet.com/article/best-apple-tv-vpns/
address: 5 Score NordVPN NordVPN is one of the best from https://www.zdnet.com/article/best-apple-tv-vpns/
address: 7 Read More Show Expert Take Show less Show less S from https://www.zdnet.com/article/best-apple-tv-vpns/
address: 78 per month and come with three months of free ac from https://www.zdnet.com/article/best-apple-tv-vpns/
address: 7 Countries and servers 8 Usability 9 Speed and pe from https://www.zdnet.com/article/best-apple-tv-vpns/
address: 48 for the first from https://www.zdnet.com/article/best-apple-tv-vpns/
address: 60 for the first from https://www.zdnet.com/article/best-apple-tv-vpns/
address: 100 countries Surfshark VPN Best from https://www.zdnet.com/article/best-apple-tv-vpns/
address: 5 Score Surfshark Surfshark is the best from https://www.zdnet.com/article/best-apple-tv-vpns/
address: 78 per month and come with three months of free ac from https://www.zdnet.com/article/best-apple-tv-vpns/
address: 108 countries, put it on par with many rival servi from https://www.zdnet.com/article/best-apple-tv-vpns/
address: 6 Pros Unlimited connections Native Apple TV app R from https://www.zdnet.com/article/best-apple-tv-vpns/
address: 108 countries, put it on par with many rival servi from https://www.zdnet.com/article/best-apple-tv-vpns/
address: 6 Read More Show Expert Take Show less Show less P from https://www.zdnet.com/article/best-apple-tv-vpns/
address: 2026 product from https://www.zdnet.com/article/best-apple-tv-vpns/
address: 117 countries Latest from https://www.zdnet.com/article/best-apple-tv-vpns/
address: 60 for the first from https://www.zdnet.com/article/best-apple-tv-vpns/
address: 108 for the first from https://www.zdnet.com/article/best-apple-tv-vpns/
address: 5 Score Proton VPN Proton VPN, developed by engine from https://www.zdnet.com/article/best-apple-tv-vpns/
address: 2026 product from https://www.zdnet.com/article/best-apple-tv-vpns/
address: 17 several years ago, many VPN providers began dev from https://www.zdnet.com/article/best-apple-tv-vpns/
address: 5 or 6 simultaneous connections. However, I prefer from https://www.zdnet.com/article/best-apple-tv-vpns/
address: 30 days. Some VPN providers, like CyberGhost from https://www.zdnet.com/article/best-apple-tv-vpns/
address: 135 countries, and reliable network connectivity.  from https://www.zdnet.com/article/best-apple-tv-vpns/
address: 100 terabits per second in aggregate network capac from https://www.zdnet.com/article/best-apple-tv-vpns/
address: 75 per month with two months free. It is a great V from https://www.zdnet.com/article/best-apple-tv-vpns/
address: 75 per month with two months free. It is a great V from https://www.zdnet.com/article/best-apple-tv-vpns/
address: 2026 , the best solutions for streaming , and our  from https://www.zdnet.com/article/best-apple-tv-vpns/
address: 1000 Best Windows laptop Best laptop for video edi from https://www.zdnet.com/article/best-apple-tv-vpns/
address: 10 or 11 How to create a drop down list from https://www.zdnet.com/article/best-apple-tv-vpns/
address: 5 best from https://www.zdnet.com/article/best-apple-tv-vpns/
address: 5 best from https://www.zdnet.com/article/best-apple-tv-vpns/
address_full: 5 Very good pros and cons Pros Tough polycarbonate from https://www.zdnet.com/article/uag-metropolis-wallet-tracker-ios-android-review/
address_full: 95 at Best from https://www.zdnet.com/article/uag-metropolis-wallet-tracker-ios-android-review/
address_full: 1 fan -- even I have from https://www.zdnet.com/article/uag-metropolis-wallet-tracker-ios-android-review/
address_full: 3 mm thick, this card is perfect from https://www.zdnet.com/article/uag-metropolis-wallet-tracker-ios-android-review/
address_full: 95 dB speaker. This is about as loud as a power to from https://www.zdnet.com/article/uag-metropolis-wallet-tracker-ios-android-review/
address_full: 000 steps with my Apple Watch, Google Pixel, and O from https://www.zdnet.com/article/uag-metropolis-wallet-tracker-ios-android-review/
address_full: 2026 and made a tough choice I walked 3,000 steps  from https://www.zdnet.com/article/uag-metropolis-wallet-tracker-ios-android-review/
address_full: 2026 and made a tough choice Editorial standards S from https://www.zdnet.com/article/uag-metropolis-wallet-tracker-ios-android-review/
address_full: 8 for two weeks - these two accessories perfect from https://www.zdnet.com/article/uag-metropolis-wallet-tracker-ios-android-review/
address: 5 Very good pros and cons Pros Tough polycarbonate from https://www.zdnet.com/article/uag-metropolis-wallet-tracker-ios-android-review/
address: 95 at Best from https://www.zdnet.com/article/uag-metropolis-wallet-tracker-ios-android-review/
address: 3 mm thick, this card is perfect from https://www.zdnet.com/article/uag-metropolis-wallet-tracker-ios-android-review/
address: 95 dB speaker. This is about as loud as a power to from https://www.zdnet.com/article/uag-metropolis-wallet-tracker-ios-android-review/
address: 2026 and made a tough choice Editorial standards S from https://www.zdnet.com/article/uag-metropolis-wallet-tracker-ios-android-review/