address_full: 2008 police mug shot. Credit... Palm Beach Police  from https://www.nytimes.com/article/jeffrey-epstein-sex-abuse-times-investigations.html
address_full: 2025 and early 2026, Congress and the Justice Depa from https://www.nytimes.com/article/jeffrey-epstein-sex-abuse-times-investigations.html
date: May 17, 2026 from https://www.nytimes.com/article/jeffrey-epstein-sex-abuse-times-investigations.html
address: 2008 police mug shot. Credit... Palm Beach Police  from https://www.nytimes.com/article/jeffrey-epstein-sex-abuse-times-investigations.html
address: 2025 and early 2026, Congress and the Justice Depa from https://www.nytimes.com/article/jeffrey-epstein-sex-abuse-times-investigations.html
name: Dr. Karyna Shuliak from https://www.nytimes.com/article/jeffrey-epstein-sex-abuse-times-investigations.html
address_full: 20 p.m. Attached to the email was an arrest from https://www.nytimes.com/interactive/2026/06/16/magazine/jeffrey-epstein-death-final-days.html
address_full: 13 months he had served in Palm Beach after from https://www.nytimes.com/interactive/2026/06/16/magazine/jeffrey-epstein-death-final-days.html
address_full: 35 days later, in the early hours of Aug. 10, 2019 from https://www.nytimes.com/interactive/2026/06/16/magazine/jeffrey-epstein-death-final-days.html
address_full: 35 days later. Andrew Moore for The New York Times from https://www.nytimes.com/interactive/2026/06/16/magazine/jeffrey-epstein-death-final-days.html
address_full: 23 hours a day and sharply limited in their contac from https://www.nytimes.com/interactive/2026/06/16/magazine/jeffrey-epstein-death-final-days.html
address_full: 5 North, had a reputation among M.C.C. inmates as  from https://www.nytimes.com/interactive/2026/06/16/magazine/jeffrey-epstein-death-final-days.html
address_full: 1898 public letter denouncing the French governmen from https://www.nytimes.com/interactive/2026/06/16/magazine/jeffrey-epstein-death-final-days.html
address_full: 27 a.m., the guards on the night shift heard a ban from https://www.nytimes.com/interactive/2026/06/16/magazine/jeffrey-epstein-death-final-days.html
address_full: 1 a.m., and the next thing he remembered, he was l from https://www.nytimes.com/interactive/2026/06/16/magazine/jeffrey-epstein-death-final-days.html
address_full: 15 minutes in a watch log. William Mersey, one of  from https://www.nytimes.com/interactive/2026/06/16/magazine/jeffrey-epstein-death-final-days.html
address_full: 9 noted that Epstein had not been assigned a new c from https://www.nytimes.com/interactive/2026/06/16/magazine/jeffrey-epstein-death-final-days.html
address_full: 15 years. In fact from https://www.nytimes.com/interactive/2026/06/16/magazine/jeffrey-epstein-death-final-days.html
address_full: 16 hours at a stretch and had, at times, dozed off from https://www.nytimes.com/interactive/2026/06/16/magazine/jeffrey-epstein-death-final-days.html
address_full: 10 p.m., visiting one tier after from https://www.nytimes.com/interactive/2026/06/16/magazine/jeffrey-epstein-death-final-days.html
address_full: 39 p.m. Guard from https://www.nytimes.com/interactive/2026/06/16/magazine/jeffrey-epstein-death-final-days.html
address_full: 40 p.m., the camera covering the common area momen from https://www.nytimes.com/interactive/2026/06/16/magazine/jeffrey-epstein-death-final-days.html
address_full: 22 straight hours, was asleep at the time. Bonhomm from https://www.nytimes.com/interactive/2026/06/16/magazine/jeffrey-epstein-death-final-days.html
address_full: 10 p.m., meaning she would have from https://www.nytimes.com/interactive/2026/06/16/magazine/jeffrey-epstein-death-final-days.html
address_full: 9 was Chad Brown, who was awake late that night wh from https://www.nytimes.com/interactive/2026/06/16/magazine/jeffrey-epstein-death-final-days.html
address_full: 14 a.m., returning three minutes later. Just after from https://www.nytimes.com/interactive/2026/06/16/magazine/jeffrey-epstein-death-final-days.html
address_full: 30 a.m., Thomas began delivering breakfast from https://www.nytimes.com/interactive/2026/06/16/magazine/jeffrey-epstein-death-final-days.html
address_full: 8 that Reyes was going to be moved the next day. A from https://www.nytimes.com/interactive/2026/06/16/magazine/jeffrey-epstein-death-final-days.html
address_full: 10 p.m. rounds. Michael Thomas, the guard from https://www.nytimes.com/interactive/2026/06/16/magazine/jeffrey-epstein-death-final-days.html
address_full: 36 a.m. on Aug. 10. Later that day, his body was s from https://www.nytimes.com/interactive/2026/06/16/magazine/jeffrey-epstein-death-final-days.html
address_full: 9 a.m., Kristin Roman, a veteran medical examiner  from https://www.nytimes.com/interactive/2026/06/16/magazine/jeffrey-epstein-death-final-days.html
address_full: 49 p.m. on Aug. 9, the last full day of his life,  from https://www.nytimes.com/interactive/2026/06/16/magazine/jeffrey-epstein-death-final-days.html
address_zip: 76318 from https://www.nytimes.com/interactive/2026/06/16/magazine/jeffrey-epstein-death-final-days.html
address_zip: 76318 from https://www.nytimes.com/interactive/2026/06/16/magazine/jeffrey-epstein-death-final-days.html
address: 20 p.m. Attached to the email was an arrest from https://www.nytimes.com/interactive/2026/06/16/magazine/jeffrey-epstein-death-final-days.html
address: 35 days later, in the early hours of Aug. 10, 2019 from https://www.nytimes.com/interactive/2026/06/16/magazine/jeffrey-epstein-death-final-days.html
address: 35 days later. Andrew Moore for The New York Times from https://www.nytimes.com/interactive/2026/06/16/magazine/jeffrey-epstein-death-final-days.html
address: 23 hours a day and sharply limited in their contac from https://www.nytimes.com/interactive/2026/06/16/magazine/jeffrey-epstein-death-final-days.html
address: 5 North, had a reputation among M.C.C. inmates as  from https://www.nytimes.com/interactive/2026/06/16/magazine/jeffrey-epstein-death-final-days.html
address: 27 a.m., the guards on the night shift heard a ban from https://www.nytimes.com/interactive/2026/06/16/magazine/jeffrey-epstein-death-final-days.html
address: 1 a.m., and the next thing he remembered, he was l from https://www.nytimes.com/interactive/2026/06/16/magazine/jeffrey-epstein-death-final-days.html
address: 15 years. In fact from https://www.nytimes.com/interactive/2026/06/16/magazine/jeffrey-epstein-death-final-days.html
address: 16 hours at a stretch and had, at times, dozed off from https://www.nytimes.com/interactive/2026/06/16/magazine/jeffrey-epstein-death-final-days.html
address: 39 p.m. Guard from https://www.nytimes.com/interactive/2026/06/16/magazine/jeffrey-epstein-death-final-days.html
address: 40 p.m., the camera covering the common area momen from https://www.nytimes.com/interactive/2026/06/16/magazine/jeffrey-epstein-death-final-days.html
address: 22 straight hours, was asleep at the time. Bonhomm from https://www.nytimes.com/interactive/2026/06/16/magazine/jeffrey-epstein-death-final-days.html
address: 10 p.m., meaning she would have from https://www.nytimes.com/interactive/2026/06/16/magazine/jeffrey-epstein-death-final-days.html
address: 9 was Chad Brown, who was awake late that night wh from https://www.nytimes.com/interactive/2026/06/16/magazine/jeffrey-epstein-death-final-days.html
address: 14 a.m., returning three minutes later. Just from https://www.nytimes.com/interactive/2026/06/16/magazine/jeffrey-epstein-death-final-days.html
address: 30 a.m., Thomas began delivering breakfast from https://www.nytimes.com/interactive/2026/06/16/magazine/jeffrey-epstein-death-final-days.html
address: 8 that Reyes was going to be moved the next day. A from https://www.nytimes.com/interactive/2026/06/16/magazine/jeffrey-epstein-death-final-days.html
address: 10 p.m. rounds. Michael Thomas, the guard from https://www.nytimes.com/interactive/2026/06/16/magazine/jeffrey-epstein-death-final-days.html
address: 9 a.m., Kristin Roman, a veteran medical examiner  from https://www.nytimes.com/interactive/2026/06/16/magazine/jeffrey-epstein-death-final-days.html
address: 49 p.m. on Aug. 9, the last full day of his life,  from https://www.nytimes.com/interactive/2026/06/16/magazine/jeffrey-epstein-death-final-days.html
address_full: 345 You have a preview view of this article while  from https://www.nytimes.com/2026/06/23/well/jeffrey-epstein-childhood-sea-gate-coney-island.html
address_full: 6 years old, he moved with his family to Sea Gate, from https://www.nytimes.com/2026/06/23/well/jeffrey-epstein-childhood-sea-gate-coney-island.html
address_full: 000 a year. His mother, Paula, worked as a school  from https://www.nytimes.com/2026/06/23/well/jeffrey-epstein-childhood-sea-gate-coney-island.html
url: https://www.nytimes.com/2026/06/23/well/jeffrey-ep from https://www.nytimes.com/2026/06/23/well/jeffrey-epstein-childhood-sea-gate-coney-island.html
address: 345 You have a preview view of this article while  from https://www.nytimes.com/2026/06/23/well/jeffrey-epstein-childhood-sea-gate-coney-island.html
address: 6 years old, he moved with his family to Sea Gate, from https://www.nytimes.com/2026/06/23/well/jeffrey-epstein-childhood-sea-gate-coney-island.html
address: 000 a year. His mother, Paula, worked as a school  from https://www.nytimes.com/2026/06/23/well/jeffrey-epstein-childhood-sea-gate-coney-island.html
address_full: 23 amid allegations that he passed confidential go from https://www.nytimes.com/interactive/2026/us/epstein-files-names-fired-resigned-fallout.html
address_full: 19 over suspicions of misconduct in public office  from https://www.nytimes.com/interactive/2026/us/epstein-files-names-fired-resigned-fallout.html
address_full: 7 that he would resign as head of the Arab World I from https://www.nytimes.com/interactive/2026/us/epstein-files-names-fired-resigned-fallout.html
address_full: 8 after days of political upheaval over his role i from https://www.nytimes.com/interactive/2026/us/epstein-files-names-fired-resigned-fallout.html
address_full: 24 that he was resigning as a co-director of a neu from https://www.nytimes.com/interactive/2026/us/epstein-files-names-fired-resigned-fallout.html
address_full: 20 after from https://www.nytimes.com/interactive/2026/us/epstein-files-names-fired-resigned-fallout.html
address_full: 23 after backlash over the revelation of his relat from https://www.nytimes.com/interactive/2026/us/epstein-files-names-fired-resigned-fallout.html
address_full: 16 as executive chairman of the Hyatt Hotels Corpo from https://www.nytimes.com/interactive/2026/us/epstein-files-names-fired-resigned-fallout.html
address_full: 13 after documents became public that showed appar from https://www.nytimes.com/interactive/2026/us/epstein-files-names-fired-resigned-fallout.html
address_full: 2021 as the chief executive of Barclays after alle from https://www.nytimes.com/interactive/2026/us/epstein-files-names-fired-resigned-fallout.html
address_full: 18 months in jail after from https://www.nytimes.com/interactive/2026/us/epstein-files-names-fired-resigned-fallout.html
address_full: 12 that she would step down from Goldman Sachs in  from https://www.nytimes.com/interactive/2026/us/epstein-files-names-fired-resigned-fallout.html
address_full: 4 after from https://www.nytimes.com/interactive/2026/us/epstein-files-names-fired-resigned-fallout.html
address_full: 2019 email revealed that Mr. Karp had offered his  from https://www.nytimes.com/interactive/2026/us/epstein-files-names-fired-resigned-fallout.html
address_full: 2019 after from https://www.nytimes.com/interactive/2026/us/epstein-files-names-fired-resigned-fallout.html
date: May 1, 2026 from https://www.nytimes.com/interactive/2026/us/epstein-files-names-fired-resigned-fallout.html
address: 19 over suspicions of misconduct from https://www.nytimes.com/interactive/2026/us/epstein-files-names-fired-resigned-fallout.html
address: 8 after days of political upheaval over his role i from https://www.nytimes.com/interactive/2026/us/epstein-files-names-fired-resigned-fallout.html
address: 23 after backlash over the revelation of his relat from https://www.nytimes.com/interactive/2026/us/epstein-files-names-fired-resigned-fallout.html
address: 16 as executive chairman of the Hyatt Hotels Corpo from https://www.nytimes.com/interactive/2026/us/epstein-files-names-fired-resigned-fallout.html
address: 13 after documents became public that showed appar from https://www.nytimes.com/interactive/2026/us/epstein-files-names-fired-resigned-fallout.html
name: Dr. Letty Moss from https://www.nytimes.com/interactive/2026/us/epstein-files-names-fired-resigned-fallout.html
name: Dr. Thomas Magnani from https://www.nytimes.com/interactive/2026/us/epstein-files-names-fired-resigned-fallout.html
name: Dr. Bernard Kruger from https://www.nytimes.com/interactive/2026/us/epstein-files-names-fired-resigned-fallout.html
name: Dr. Peter Attia from https://www.nytimes.com/interactive/2026/us/epstein-files-names-fired-resigned-fallout.html
address_full: 55 Water Street from https://www.nytimes.com/2025/12/16/magazine/jeffrey-epstein-money-scams-investigation.html
url: https://www.nytimes.com/2025/12/16/magazine/jeffre from https://www.nytimes.com/2025/12/16/magazine/jeffrey-epstein-money-scams-investigation.html
address: 55 Water Street from https://www.nytimes.com/2025/12/16/magazine/jeffrey-epstein-money-scams-investigation.html
address_full: 2019 on federal sex-trafficking charges. Image Fre from https://www.nytimes.com/2026/02/05/business/epstein-investments-palantir-coinbase-thiel.html
address: 2014 South by Southwest from https://www.nytimes.com/2026/02/05/business/epstein-investments-palantir-coinbase-thiel.html
address_full: 000 pages of legal and financial records for this  from https://www.nytimes.com/2025/09/08/magazine/jeffrey-epstein-jp-morgan.html
address_full: 200 million. He generated millions of dollars in r from https://www.nytimes.com/2025/09/08/magazine/jeffrey-epstein-jp-morgan.html
url: https://www.nytimes.com/2025/09/08/magazine/jeffre from https://www.nytimes.com/2025/09/08/magazine/jeffrey-epstein-jp-morgan.html
address: 000 pages of legal and financial records for this  from https://www.nytimes.com/2025/09/08/magazine/jeffrey-epstein-jp-morgan.html
address: 200 million. He generated millions of dollars in r from https://www.nytimes.com/2025/09/08/magazine/jeffrey-epstein-jp-morgan.html
address_full: 170 million over six years for what Mr. Black has  from https://www.nytimes.com/2026/03/23/business/jeffrey-epstein-leon-black.html
url: https://www.nytimes.com/2026/03/24/us/david-a-ross from https://www.nytimes.com/2026/03/24/us/david-a-ross-jeffrey-epstein-donations.html