address_full: 2024 has pleaded guilty to computer from https://krebsonsecurity.com/
address_full: 165 customers of a U.S.-based software-as-a-servic from https://krebsonsecurity.com/
address_full: 2024 story about the overlap between Western, Engl from https://krebsonsecurity.com/
address_full: 5 million in ransom payments, and that in at least from https://krebsonsecurity.com/
address_full: 570 security holes in its Windows operating system from https://krebsonsecurity.com/
address_full: 56164 , a Microsoft Sharepoint vulnerability. CVE- from https://krebsonsecurity.com/
address_full: 000 followers since its creation in January 2025,  from https://krebsonsecurity.com/
address_full: 2020 presidential candidate Kamala Harris . In the from https://krebsonsecurity.com/
address_full: 316 distinct from https://krebsonsecurity.com/
address_full: 2024 cyberattack that crippled Transport for Londo from https://krebsonsecurity.com/
address_full: 120 computer from https://krebsonsecurity.com/
address_full: 115 million in ransom payments. In July 2025, Kreb from https://krebsonsecurity.com/
address_full: 2023 ransomware attacks disrupted operations at La from https://krebsonsecurity.com/
address_full: 2025 report from the Chinese security company XLAB from https://krebsonsecurity.com/
address_full: 2025 , after Google , HUMAN Security and Trend Mic from https://krebsonsecurity.com/
address_full: 90 percent of any ransom paid by victims. This pos from https://krebsonsecurity.com/
address_zip: 56155 from https://krebsonsecurity.com/
address_zip: 56164 from https://krebsonsecurity.com/
address_zip: 50661 from https://krebsonsecurity.com/
date: Oct 21, 2024 from https://krebsonsecurity.com/
date: May 15, 2026 from https://krebsonsecurity.com/
address: 2024 story identified Judische as a software engin from https://krebsonsecurity.com/
address: 5 million in ransom payments, and that in at least from https://krebsonsecurity.com/
address: 570 security holes in its Windows operating system from https://krebsonsecurity.com/
address: 50661 is a security feature bypass in Windows BitL from https://krebsonsecurity.com/
address: 316 distinct from https://krebsonsecurity.com/
address: 2024 cyberattack that crippled Transport for Londo from https://krebsonsecurity.com/
address: 115 million in ransom payments. In July 2025, Kreb from https://krebsonsecurity.com/
address: 2025 report from the Chinese security company XLAB from https://krebsonsecurity.com/
address: 90 percent of any ransom paid by victims. This pos from https://krebsonsecurity.com/
username: @C2IRIS from https://krebsonsecurity.com/
address_full: 2 HIPAA ISO 27001, 27017 and 27018 GDPR Make audit from https://www.keepersecurity.com/privileged-access-management/?utm_source=KrebsOnSecurity&utm_medium=Sponsored&utm_campaign=KrebsOnSecurity_020126&utm_id=Krebs
address_full: 101 Videos MSP Admin Guide Resources Webinars Rese from https://www.keepersecurity.com/privileged-access-management/?utm_source=KrebsOnSecurity&utm_medium=Sponsored&utm_campaign=KrebsOnSecurity_020126&utm_id=Krebs
address_zip: 27001 from https://www.keepersecurity.com/privileged-access-management/?utm_source=KrebsOnSecurity&utm_medium=Sponsored&utm_campaign=KrebsOnSecurity_020126&utm_id=Krebs
address_zip: 27017 from https://www.keepersecurity.com/privileged-access-management/?utm_source=KrebsOnSecurity&utm_medium=Sponsored&utm_campaign=KrebsOnSecurity_020126&utm_id=Krebs
address_zip: 27018 from https://www.keepersecurity.com/privileged-access-management/?utm_source=KrebsOnSecurity&utm_medium=Sponsored&utm_campaign=KrebsOnSecurity_020126&utm_id=Krebs
address_zip: 27001 from https://www.keepersecurity.com/privileged-access-management/?utm_source=KrebsOnSecurity&utm_medium=Sponsored&utm_campaign=KrebsOnSecurity_020126&utm_id=Krebs
phone: 1 7***4062 from https://www.keepersecurity.com/privileged-access-management/?utm_source=KrebsOnSecurity&utm_medium=Sponsored&utm_campaign=KrebsOnSecurity_020126&utm_id=Krebs
phone: 1 2***4575 from https://www.keepersecurity.com/privileged-access-management/?utm_source=KrebsOnSecurity&utm_medium=Sponsored&utm_campaign=KrebsOnSecurity_020126&utm_id=Krebs
phone: 1 3***4782 from https://www.keepersecurity.com/privileged-access-management/?utm_source=KrebsOnSecurity&utm_medium=Sponsored&utm_campaign=KrebsOnSecurity_020126&utm_id=Krebs
address: 2 HIPAA ISO 27001, 27017 and 27018 GDPR Make audit from https://www.keepersecurity.com/privileged-access-management/?utm_source=KrebsOnSecurity&utm_medium=Sponsored&utm_campaign=KrebsOnSecurity_020126&utm_id=Krebs
address: 27001 and HIPAA. KeeperPAM provides complete visib from https://www.keepersecurity.com/privileged-access-management/?utm_source=KrebsOnSecurity&utm_medium=Sponsored&utm_campaign=KrebsOnSecurity_020126&utm_id=Krebs
address: 101 Videos MSP Admin Guide Resources Webinars Rese from https://www.keepersecurity.com/privileged-access-management/?utm_source=KrebsOnSecurity&utm_medium=Sponsored&utm_campaign=KrebsOnSecurity_020126&utm_id=Krebs
address_full: 6 petabytes of text and image data with speed and  from https://flashpoint.io/ignite/?utm_source=krebsonsecurity&utm_medium=display&utm_campaign=brand-ignite&utm_content=noise-a
address_full: 764 will often recruit new members by lurking on g from https://krebsonsecurity.com/2024/09/the-dark-nexus-between-harm-groups-and-the-com/
address_full: 764 network is among the most populated harm commu from https://krebsonsecurity.com/2024/09/the-dark-nexus-between-harm-groups-and-the-com/
address_full: 160 organizations were extorted, including TicketM from https://krebsonsecurity.com/2024/09/the-dark-nexus-between-harm-groups-and-the-com/
address_full: 100 richest from https://krebsonsecurity.com/2024/09/the-dark-nexus-between-harm-groups-and-the-com/
address_full: 2020 piece called Voice Phishers Targeting Corpora from https://krebsonsecurity.com/2024/09/the-dark-nexus-between-harm-groups-and-the-com/
address_full: 2021 breach at T-Mobile that exposed the personal  from https://krebsonsecurity.com/2024/09/the-dark-nexus-between-harm-groups-and-the-com/
address_full: 3 year old data still has extortion value. Special from https://krebsonsecurity.com/2024/09/the-dark-nexus-between-harm-groups-and-the-com/
url: https://krebsonsecurity.com/about/ from https://krebsonsecurity.com/2024/09/the-dark-nexus-between-harm-groups-and-the-com/
url: https://www.change.org/p/free-up-pompompurin from https://krebsonsecurity.com/2024/09/the-dark-nexus-between-harm-groups-and-the-com/
date: May 2, 2024 from https://krebsonsecurity.com/2024/09/the-dark-nexus-between-harm-groups-and-the-com/
address: 764 will often recruit new members by lurking on g from https://krebsonsecurity.com/2024/09/the-dark-nexus-between-harm-groups-and-the-com/
address: 764 network is among the most populated harm commu from https://krebsonsecurity.com/2024/09/the-dark-nexus-between-harm-groups-and-the-com/
address: 100 richest from https://krebsonsecurity.com/2024/09/the-dark-nexus-between-harm-groups-and-the-com/
address: 19 epidemic had brought a wave from https://krebsonsecurity.com/2024/09/the-dark-nexus-between-harm-groups-and-the-com/
address: 6 million customers. Binns is currently in custody from https://krebsonsecurity.com/2024/09/the-dark-nexus-between-harm-groups-and-the-com/
address: 3 year old data still has extortion value. Special from https://krebsonsecurity.com/2024/09/the-dark-nexus-between-harm-groups-and-the-com/
username: @Holy from https://krebsonsecurity.com/2024/09/the-dark-nexus-between-harm-groups-and-the-com/
username: @bomb from https://krebsonsecurity.com/2024/09/the-dark-nexus-between-harm-groups-and-the-com/
username: @halo from https://krebsonsecurity.com/2024/09/the-dark-nexus-between-harm-groups-and-the-com/
username: @cute from https://krebsonsecurity.com/2024/09/the-dark-nexus-between-harm-groups-and-the-com/
username: @nazi from https://krebsonsecurity.com/2024/09/the-dark-nexus-between-harm-groups-and-the-com/
username: @Holy from https://krebsonsecurity.com/2024/09/the-dark-nexus-between-harm-groups-and-the-com/
address_full: 000 to delete stolen phone records. A report on th from https://krebsonsecurity.com/2024/11/canadian-man-arrested-in-snowflake-data-extortions/
address_full: 404 Media reports that at a court from https://krebsonsecurity.com/2024/11/canadian-man-arrested-in-snowflake-data-extortions/
address_full: 2021 breach at T-Mobile that exposed the personal  from https://krebsonsecurity.com/2024/11/canadian-man-arrested-in-snowflake-data-extortions/
address_full: 000 was apparently too high because they reposted  from https://krebsonsecurity.com/2024/11/canadian-man-arrested-in-snowflake-data-extortions/
address_full: 2020 lawsuit he filed against the CIA, Binns himse from https://krebsonsecurity.com/2024/11/canadian-man-arrested-in-snowflake-data-extortions/
address_full: 100 richest from https://krebsonsecurity.com/2024/11/canadian-man-arrested-in-snowflake-data-extortions/
address_full: 2020 piece called Voice Phishers Targeting Corpora from https://krebsonsecurity.com/2024/11/canadian-man-arrested-in-snowflake-data-extortions/
address_full: 2018 retrospective on RapeLash posted to the now d from https://krebsonsecurity.com/2024/11/canadian-man-arrested-in-snowflake-data-extortions/
address_full: 0 houses multiple known Satanists and other degene from https://krebsonsecurity.com/2024/11/canadian-man-arrested-in-snowflake-data-extortions/
url: https://www.pomerium.com/blog/the-real-lessons-fro from https://krebsonsecurity.com/2024/11/canadian-man-arrested-in-snowflake-data-extortions/
url: https://arstechnica.com/tech-policy/2024/11/discor from https://krebsonsecurity.com/2024/11/canadian-man-arrested-in-snowflake-data-extortions/
date: May 2, 2024 from https://krebsonsecurity.com/2024/11/canadian-man-arrested-in-snowflake-data-extortions/
address: 000 to delete stolen phone records. A report on th from https://krebsonsecurity.com/2024/11/canadian-man-arrested-in-snowflake-data-extortions/
address: 404 Media reports that at a court from https://krebsonsecurity.com/2024/11/canadian-man-arrested-in-snowflake-data-extortions/
address: 2020 lawsuit he filed against from https://krebsonsecurity.com/2024/11/canadian-man-arrested-in-snowflake-data-extortions/
address: 2020 against the CIA, in which he alleges U.S. put from https://krebsonsecurity.com/2024/11/canadian-man-arrested-in-snowflake-data-extortions/
address: 100 richest from https://krebsonsecurity.com/2024/11/canadian-man-arrested-in-snowflake-data-extortions/
address: 19 epidemic had brought a wave from https://krebsonsecurity.com/2024/11/canadian-man-arrested-in-snowflake-data-extortions/
address: 2018 retrospective on RapeLash posted to the now d from https://krebsonsecurity.com/2024/11/canadian-man-arrested-in-snowflake-data-extortions/
address: 0 houses multiple known Satanists and other degene from https://krebsonsecurity.com/2024/11/canadian-man-arrested-in-snowflake-data-extortions/
username: @smallcat from https://krebsonsecurity.com/2024/11/canadian-man-arrested-in-snowflake-data-extortions/
address_full: 2026 Share Facebook X LinkedIn Email For Immediate from https://www.justice.gov/opa/pr/canadian-man-pleads-guilty-hacking-us-cloud-storage-provider-and-extorting-its-customers
address_full: 5 million in ransom payments. In at least from https://www.justice.gov/opa/pr/canadian-man-pleads-guilty-hacking-us-cloud-storage-provider-and-extorting-its-customers
address_full: 100 million individuals. Moucka pleaded guilty to  from https://www.justice.gov/opa/pr/canadian-man-pleads-guilty-hacking-us-cloud-storage-provider-and-extorting-its-customers
address_full: 2025 extradition of Moucka from Canada. A number o from https://www.justice.gov/opa/pr/canadian-man-pleads-guilty-hacking-us-cloud-storage-provider-and-extorting-its-customers
address_full: 180 cyber and IP criminals, and court from https://www.justice.gov/opa/pr/canadian-man-pleads-guilty-hacking-us-cloud-storage-provider-and-extorting-its-customers
address_full: 350 million in victim funds. This action is part o from https://www.justice.gov/opa/pr/canadian-man-pleads-guilty-hacking-us-cloud-storage-provider-and-extorting-its-customers
address_full: 2026 Topic Cybercrime Components Criminal Division from https://www.justice.gov/opa/pr/canadian-man-pleads-guilty-hacking-us-cloud-storage-provider-and-extorting-its-customers
address: 5 million in ransom payments. In at least from https://www.justice.gov/opa/pr/canadian-man-pleads-guilty-hacking-us-cloud-storage-provider-and-extorting-its-customers
address: 100 million individuals. Moucka pleaded guilty to  from https://www.justice.gov/opa/pr/canadian-man-pleads-guilty-hacking-us-cloud-storage-provider-and-extorting-its-customers
address: 2025 extradition of Moucka from Canada. A number o from https://www.justice.gov/opa/pr/canadian-man-pleads-guilty-hacking-us-cloud-storage-provider-and-extorting-its-customers
address: 180 cyber and IP criminals, and court from https://www.justice.gov/opa/pr/canadian-man-pleads-guilty-hacking-us-cloud-storage-provider-and-extorting-its-customers
address_full: 2024 has pleaded guilty to computer from https://krebsonsecurity.com/2026/08/canadian-man-pleads-guilty-in-snowflake-extortions/
address_full: 165 customers of a U.S.-based software-as-a-servic from https://krebsonsecurity.com/2026/08/canadian-man-pleads-guilty-in-snowflake-extortions/
address_full: 2024 story about the overlap between Western, Engl from https://krebsonsecurity.com/2026/08/canadian-man-pleads-guilty-in-snowflake-extortions/
address_full: 5 million in ransom payments, and that in at least from https://krebsonsecurity.com/2026/08/canadian-man-pleads-guilty-in-snowflake-extortions/
address_full: 20 years in prison for conspiracy to commit wire f from https://krebsonsecurity.com/2026/08/canadian-man-pleads-guilty-in-snowflake-extortions/
address_full: 27 and faces a mandatory minimum penalty of two ye from https://krebsonsecurity.com/2026/08/canadian-man-pleads-guilty-in-snowflake-extortions/
email: bk***@krebsonsecurity.com from https://krebsonsecurity.com/2026/08/canadian-man-pleads-guilty-in-snowflake-extortions/
email: bk***@krebsonsecurity.com from https://krebsonsecurity.com/2026/08/canadian-man-pleads-guilty-in-snowflake-extortions/
url: https://justicesquare.org/turkish-prisons-report/ from https://krebsonsecurity.com/2026/08/canadian-man-pleads-guilty-in-snowflake-extortions/
date: Oct 21, 2024 from https://krebsonsecurity.com/2026/08/canadian-man-pleads-guilty-in-snowflake-extortions/
address: 2024 story identified Judische as a software engin from https://krebsonsecurity.com/2026/08/canadian-man-pleads-guilty-in-snowflake-extortions/
address: 5 million in ransom payments, and that in at least from https://krebsonsecurity.com/2026/08/canadian-man-pleads-guilty-in-snowflake-extortions/
address: 27 and faces a mandatory minimum penalty of two ye from https://krebsonsecurity.com/2026/08/canadian-man-pleads-guilty-in-snowflake-extortions/
username: @duck from https://krebsonsecurity.com/2026/08/canadian-man-pleads-guilty-in-snowflake-extortions/
username: @krebsonsecurity from https://krebsonsecurity.com/2026/08/canadian-man-pleads-guilty-in-snowflake-extortions/
username: @duck from https://krebsonsecurity.com/2026/08/canadian-man-pleads-guilty-in-snowflake-extortions/
username: @krebsonsecurity from https://krebsonsecurity.com/2026/08/canadian-man-pleads-guilty-in-snowflake-extortions/
username: @duck from https://krebsonsecurity.com/2026/08/canadian-man-pleads-guilty-in-snowflake-extortions/
address_full: 000 AI digital humans. Multiple bots conduct from https://www.bitsight.com/blog/fuyao-enterprise-building-ad-fraud-empire-ai-and-kids-coding-blocks
address_full: 1 per day, per device. Add to that a cost from https://www.bitsight.com/blog/fuyao-enterprise-building-ad-fraud-empire-ai-and-kids-coding-blocks
address_full: 5 - Fuyao inter-app connectivity. The Center from https://www.bitsight.com/blog/fuyao-enterprise-building-ad-fraud-empire-ai-and-kids-coding-blocks
address_full: 6 - Homepage of a YOLO model. Their computer from https://www.bitsight.com/blog/fuyao-enterprise-building-ad-fraud-empire-ai-and-kids-coding-blocks
address_full: 7 - Fuyao fuses accessibility, computer from https://www.bitsight.com/blog/fuyao-enterprise-building-ad-fraud-empire-ai-and-kids-coding-blocks
address_full: 12 distinct types of objects, such as buttons, sea from https://www.bitsight.com/blog/fuyao-enterprise-building-ad-fraud-empire-ai-and-kids-coding-blocks
address_full: 8 - Fuyao fuses accessibility, computer from https://www.bitsight.com/blog/fuyao-enterprise-building-ad-fraud-empire-ai-and-kids-coding-blocks
address_full: 10 - Proxy custom packet parsing with a SOCKS5 pay from https://www.bitsight.com/blog/fuyao-enterprise-building-ad-fraud-empire-ai-and-kids-coding-blocks
address_full: 40 requests over different days, we only got 7 dis from https://www.bitsight.com/blog/fuyao-enterprise-building-ad-fraud-empire-ai-and-kids-coding-blocks
address_full: 000 unique MAC addresses. And most of them were no from https://www.bitsight.com/blog/fuyao-enterprise-building-ad-fraud-empire-ai-and-kids-coding-blocks
address_full: 2 hours. In that second run, we registered 4 uniqu from https://www.bitsight.com/blog/fuyao-enterprise-building-ad-fraud-empire-ai-and-kids-coding-blocks
address_full: 7 distinct from https://www.bitsight.com/blog/fuyao-enterprise-building-ad-fraud-empire-ai-and-kids-coding-blocks
address_full: 144 operator-owned domains, across 7 beneficiaries from https://www.bitsight.com/blog/fuyao-enterprise-building-ad-fraud-empire-ai-and-kids-coding-blocks
address_full: 2026 Bitsight Research Thousands of Exposed Fuel G from https://www.bitsight.com/blog/fuyao-enterprise-building-ad-fraud-empire-ai-and-kids-coding-blocks
address_full: 2025 internet exposure across 15 ICS and OT protoc from https://www.bitsight.com/blog/fuyao-enterprise-building-ad-fraud-empire-ai-and-kids-coding-blocks
address: 000 AI digital humans. Multiple bots conduct from https://www.bitsight.com/blog/fuyao-enterprise-building-ad-fraud-empire-ai-and-kids-coding-blocks
address: 1 per day, per device. Add to that a cost from https://www.bitsight.com/blog/fuyao-enterprise-building-ad-fraud-empire-ai-and-kids-coding-blocks
address: 12 distinct from https://www.bitsight.com/blog/fuyao-enterprise-building-ad-fraud-empire-ai-and-kids-coding-blocks
address: 40 requests over different days, we only got 7 dis from https://www.bitsight.com/blog/fuyao-enterprise-building-ad-fraud-empire-ai-and-kids-coding-blocks
address: 000 unique MAC addresses. And most from https://www.bitsight.com/blog/fuyao-enterprise-building-ad-fraud-empire-ai-and-kids-coding-blocks
address: 2 hours. In that second run, we registered 4 uniqu from https://www.bitsight.com/blog/fuyao-enterprise-building-ad-fraud-empire-ai-and-kids-coding-blocks
address: 7 distinct from https://www.bitsight.com/blog/fuyao-enterprise-building-ad-fraud-empire-ai-and-kids-coding-blocks
address: 144 domains at least from https://www.bitsight.com/blog/fuyao-enterprise-building-ad-fraud-empire-ai-and-kids-coding-blocks
address: 2026 Bitsight Research Thousands of Exposed Fuel G from https://www.bitsight.com/blog/fuyao-enterprise-building-ad-fraud-empire-ai-and-kids-coding-blocks
address: 2025 internet exposure across 15 ICS and OT protoc from https://www.bitsight.com/blog/fuyao-enterprise-building-ad-fraud-empire-ai-and-kids-coding-blocks
address_full: 16 volume sets where each book covers a 5-10 year  from https://krebsonsecurity.com/2026/07/read-this-before-you-buy-that-tv-streaming-stick/
address_full: 85 years or so that when ads become unprofitable t from https://krebsonsecurity.com/2026/07/read-this-before-you-buy-that-tv-streaming-stick/
url: https://michael7924.substack.com/p/chinese-turboch from https://krebsonsecurity.com/2026/07/read-this-before-you-buy-that-tv-streaming-stick/
url: https://min.news/en/economy/dd0c59854fc23ac7c8d9b4 from https://krebsonsecurity.com/2026/07/read-this-before-you-buy-that-tv-streaming-stick/
address: 10 year period from the 1960s or 1970s on, and a b from https://krebsonsecurity.com/2026/07/read-this-before-you-buy-that-tv-streaming-stick/
address: 85 years or so that when ads become unprofitable t from https://krebsonsecurity.com/2026/07/read-this-before-you-buy-that-tv-streaming-stick/
username: @fwgcloud from https://krebsonsecurity.com/2026/07/read-this-before-you-buy-that-tv-streaming-stick/
username: @Jimothy from https://krebsonsecurity.com/2026/07/read-this-before-you-buy-that-tv-streaming-stick/
hash_md5: dd0c59854fc23ac7c8d9b4fad57e3360 from https://krebsonsecurity.com/2026/07/read-this-before-you-buy-that-tv-streaming-stick/
address_full: 316 distinct from https://krebsonsecurity.com/2026/07/fbi-seizes-netnut-proxy-platform-popa-botnet/
address_full: 62 a share, a roughly 67 percent decline over the  from https://krebsonsecurity.com/2026/07/fbi-seizes-netnut-proxy-platform-popa-botnet/
address_full: 1068 Registrar Abuse Contact from https://krebsonsecurity.com/2026/07/fbi-seizes-netnut-proxy-platform-popa-botnet/
email: ab***@namecheap.com from https://krebsonsecurity.com/2026/07/fbi-seizes-netnut-proxy-platform-popa-botnet/
phone: 1.9***4545 from https://krebsonsecurity.com/2026/07/fbi-seizes-netnut-proxy-platform-popa-botnet/
url: http://whois.nic.io/ from https://krebsonsecurity.com/2026/07/fbi-seizes-netnut-proxy-platform-popa-botnet/
url: https://netnut.io/ from https://krebsonsecurity.com/2026/07/fbi-seizes-netnut-proxy-platform-popa-botnet/
url: https://www.fbi.gov/investigate/cyber/alerts/2026/ from https://krebsonsecurity.com/2026/07/fbi-seizes-netnut-proxy-platform-popa-botnet/
url: https://synthient.com/check from https://krebsonsecurity.com/2026/07/fbi-seizes-netnut-proxy-platform-popa-botnet/
url: https://github.com/synthient/public-research/blob/ from https://krebsonsecurity.com/2026/07/fbi-seizes-netnut-proxy-platform-popa-botnet/
url: https://synthient.com/check from https://krebsonsecurity.com/2026/07/fbi-seizes-netnut-proxy-platform-popa-botnet/
url: https://www.namecheap.com/ from https://krebsonsecurity.com/2026/07/fbi-seizes-netnut-proxy-platform-popa-botnet/
url: https://icann.org/epp#clientTransferProhibited from https://krebsonsecurity.com/2026/07/fbi-seizes-netnut-proxy-platform-popa-botnet/
address: 316 distinct from https://krebsonsecurity.com/2026/07/fbi-seizes-netnut-proxy-platform-popa-botnet/
address: 62 a share, a roughly 67 percent decline over the  from https://krebsonsecurity.com/2026/07/fbi-seizes-netnut-proxy-platform-popa-botnet/
address: 1068 Registrar Abuse Contact from https://krebsonsecurity.com/2026/07/fbi-seizes-netnut-proxy-platform-popa-botnet/
username: @namecheap from https://krebsonsecurity.com/2026/07/fbi-seizes-netnut-proxy-platform-popa-botnet/
ip: 127.0.0.0 from https://spur.us/blog/smart-tv-apps-residential-proxy-sdks
ip: 10.0.0.0 from https://spur.us/blog/smart-tv-apps-residential-proxy-sdks
ip: 172.16.0.0 from https://spur.us/blog/smart-tv-apps-residential-proxy-sdks
ip: 169.254.0.0 from https://spur.us/blog/smart-tv-apps-residential-proxy-sdks
ip: 192.168.0.0 from https://spur.us/blog/smart-tv-apps-residential-proxy-sdks
ip: 255.255.255.255 from https://spur.us/blog/smart-tv-apps-residential-proxy-sdks
address_full: 193 is public ip address space.  Use a fake gatewa from https://krebsonsecurity.com/2026/07/lg-to-ban-residential-proxies-from-smart-tv-apps/
url: https://www.theregister.com/personal-tech/2026/07/ from https://krebsonsecurity.com/2026/07/lg-to-ban-residential-proxies-from-smart-tv-apps/
url: https://whatismylocation.org/proxy-check from https://krebsonsecurity.com/2026/07/lg-to-ban-residential-proxies-from-smart-tv-apps/
url: https://spur.us/context/me from https://krebsonsecurity.com/2026/07/lg-to-ban-residential-proxies-from-smart-tv-apps/
url: https://check.labs.greynoise.io/ from https://krebsonsecurity.com/2026/07/lg-to-ban-residential-proxies-from-smart-tv-apps/
url: https://synthient.com/check from https://krebsonsecurity.com/2026/07/lg-to-ban-residential-proxies-from-smart-tv-apps/
url: https://arstechnica.com/gadgets/2026/07/microsoft- from https://krebsonsecurity.com/2026/07/lg-to-ban-residential-proxies-from-smart-tv-apps/
address: 193 is public ip address space.  Use a fake gatewa from https://krebsonsecurity.com/2026/07/lg-to-ban-residential-proxies-from-smart-tv-apps/