address_full: 2019 while awaiting trial on child sex-trafficking from https://www.theguardian.com/us-news/2026/aug/05/new-mexico-sues-doj-epstein-investigation
address_full: 14 July letter from https://www.theguardian.com/us-news/2026/aug/05/new-mexico-sues-doj-epstein-investigation
address_full: 30 June by emailing 31 documents. But Torrez said  from https://www.theguardian.com/us-news/2026/aug/05/new-mexico-sues-doj-epstein-investigation
address: 1993 from the estate of Bruce King, the Democratic from https://www.theguardian.com/us-news/2026/aug/05/new-mexico-sues-doj-epstein-investigation
address: 30 June by emailing 31 documents. But Torrez said  from https://www.theguardian.com/us-news/2026/aug/05/new-mexico-sues-doj-epstein-investigation
address_full: 400 allegations of sexual abuse have been made aga from https://www.theguardian.com/us-news/2026/aug/05/burnham-considering-public-inquiry-jeffrey-epstein-mohamed-al-fayed
address: 400 allegations of sexual abuse have been made aga from https://www.theguardian.com/us-news/2026/aug/05/burnham-considering-public-inquiry-jeffrey-epstein-mohamed-al-fayed
address_full: 19 November, mandated that the justice department  from https://www.theguardian.com/us-news/2026/aug/03/epstein-files-transparency-act
address_full: 15 July the introduction of the Epstein Files Tran from https://www.theguardian.com/us-news/2026/aug/03/epstein-files-transparency-act
address: 19 November, mandated that the justice department  from https://www.theguardian.com/us-news/2026/aug/03/epstein-files-transparency-act
address: 15 July the introduction of the Epstein Files Tran from https://www.theguardian.com/us-news/2026/aug/03/epstein-files-transparency-act
address_full: 31 July deadline for the department to share relev from https://www.theguardian.com/us-news/2026/aug/01/doj-new-mexico-epstein-documents
address_full: 31 pages were ever handed over. They were mostly o from https://www.theguardian.com/us-news/2026/aug/01/doj-new-mexico-epstein-documents
address_full: 2019 while awaiting trial on child sex trafficking from https://www.theguardian.com/us-news/2026/aug/01/doj-new-mexico-epstein-documents
address: 31 July deadline for the department to share relev from https://www.theguardian.com/us-news/2026/aug/01/doj-new-mexico-epstein-documents
address_full: 2019 after from https://www.theguardian.com/us-news/2026/jul/30/kathryn-ruemmler-epstein-files-virginia-giuffre
address_full: 2014 and 2019. At one point she had been listed as from https://www.theguardian.com/us-news/2026/jul/30/kathryn-ruemmler-epstein-files-virginia-giuffre
address: 2014 and 2019. At one point she had been listed as from https://www.theguardian.com/us-news/2026/jul/30/kathryn-ruemmler-epstein-files-virginia-giuffre
address_full: 47 faculty and staff members since 1950s Two peopl from https://www.theguardian.com/us-news/2026/jul/29/jeffrey-epstein-interlochen-center-arts-michigan
address_full: 2008 . The building, renamed the Green Lake Lodge, from https://www.theguardian.com/us-news/2026/jul/29/jeffrey-epstein-interlochen-center-arts-michigan
address_full: 47 faculty and staff members affiliated with Inter from https://www.theguardian.com/us-news/2026/jul/29/jeffrey-epstein-interlochen-center-arts-michigan
address_full: 000 to the school between 1990 and 2003. Two women from https://www.theguardian.com/us-news/2026/jul/29/jeffrey-epstein-interlochen-center-arts-michigan
address_full: 2021 when she was convicted of sex trafficking. It from https://www.theguardian.com/us-news/2026/jul/29/jeffrey-epstein-interlochen-center-arts-michigan
address: 47 faculty and staff members since 1950s Two peopl from https://www.theguardian.com/us-news/2026/jul/29/jeffrey-epstein-interlochen-center-arts-michigan
address: 47 faculty and staff members affiliated with Inter from https://www.theguardian.com/us-news/2026/jul/29/jeffrey-epstein-interlochen-center-arts-michigan
address: 000 to the school between 1990 and 2003. Two women from https://www.theguardian.com/us-news/2026/jul/29/jeffrey-epstein-interlochen-center-arts-michigan
address: 2021 when she was convicted of sex trafficking. It from https://www.theguardian.com/us-news/2026/jul/29/jeffrey-epstein-interlochen-center-arts-michigan
address_full: 00 The Epstein fixer found dead in his Paris flat  from https://www.theguardian.com/news/audio/2026/jul/29/the-epstein-fixer-found-dead-in-his-paris-flat-podcast
address_full: 20 when she met him. She was with her boyfriend an from https://www.theguardian.com/news/audio/2026/jul/29/the-epstein-fixer-found-dead-in-his-paris-flat-podcast
address_full: 27 Senate-confirmed officials have from https://www.theguardian.com/commentisfree/2026/jul/25/staff-turnover-trump-second-term
address_full: 11 departures in the first from https://www.theguardian.com/commentisfree/2026/jul/25/staff-turnover-trump-second-term
address_full: 2024 , the court ruled that former presidents are  from https://www.theguardian.com/commentisfree/2026/jul/25/staff-turnover-trump-second-term
address_full: 560 of Project 2025 . Also in that playbook are st from https://www.theguardian.com/commentisfree/2026/jul/25/staff-turnover-trump-second-term
address_full: 384 World Cup-linked reports of domestic abuse in  from https://www.theguardian.com/commentisfree/2026/jul/25/staff-turnover-trump-second-term
address: 11 departures in the first from https://www.theguardian.com/commentisfree/2026/jul/25/staff-turnover-trump-second-term
address: 2024 , the court ruled that former presidents are  from https://www.theguardian.com/commentisfree/2026/jul/25/staff-turnover-trump-second-term
address: 560 of Project 2025 . Also in that playbook are st from https://www.theguardian.com/commentisfree/2026/jul/25/staff-turnover-trump-second-term
address: 2028 presidential poll by a long way from https://www.theguardian.com/commentisfree/2026/jul/25/staff-turnover-trump-second-term
address_full: 7 March 2025, on the day the Bank of England gover from https://www.theguardian.com/us-news/2026/jul/23/jes-staley-barclays-ceo-epstein-hearing
address_full: 7 March 2025, on the day the Bank of England gover from https://www.theguardian.com/us-news/2026/jul/23/jes-staley-barclays-ceo-epstein-hearing
address_full: 2021 after from https://www.theguardian.com/us-news/2026/jul/23/jes-staley-barclays-ceo-epstein-hearing
address_full: 2000 after from https://www.theguardian.com/us-news/2026/jul/23/jes-staley-barclays-ceo-epstein-hearing
address: 7 March 2025, on the day the Bank of England gover from https://www.theguardian.com/us-news/2026/jul/23/jes-staley-barclays-ceo-epstein-hearing
address: 7 March 2025, on the day the Bank of England gover from https://www.theguardian.com/us-news/2026/jul/23/jes-staley-barclays-ceo-epstein-hearing
address_full: 2000 after from https://www.theguardian.com/business/2026/jul/23/us-senator-barclays-jes-staley-jeffrey-epstein-failure-links-elizabeth-warren