address_full: 120 victims worldwide. Sergiu Gatlan August from https://www.bleepingcomputer.com/news/security/
address_full: 56 AM 0 LexisNexis shuts down services after suspi from https://www.bleepingcomputer.com/news/security/
address_full: 11 AM 0 Valve notifies Steam hardware customers of from https://www.bleepingcomputer.com/news/security/
address_full: 47 AM 0 Critical Progress LoadMaster from https://www.bleepingcomputer.com/news/security/
address_full: 49 AM 0 Hackers breach TrueConf to trojanize clien from https://www.bleepingcomputer.com/news/security/
address_full: 16 AM 0 Metabase SQLi zero-day exploited in custom from https://www.bleepingcomputer.com/news/security/
address_full: 14 PM 0 Unlimited Technology Systems breach impact from https://www.bleepingcomputer.com/news/security/
address_full: 2026 Threat Report examines two separate attack ch from https://www.bleepingcomputer.com/news/security/
address_full: 00 AM 0 North Carolina Ports confirms cyberattack  from https://www.bleepingcomputer.com/news/security/
address_full: 34 AM 0 ClickFix attack pushes macOS infostealer f from https://www.bleepingcomputer.com/news/security/
address_full: 37 PM 0 Hedge fund cyberattacks tied to BlackFile- from https://www.bleepingcomputer.com/news/security/
address_full: 200 accounts. Lawrence Abrams August from https://www.bleepingcomputer.com/news/security/
address_full: 14 PM 0 New TONTOU CPU attack bypasses Spectre v2  from https://www.bleepingcomputer.com/news/security/
address_full: 03 PM 0 Meta AI model hacked a company during misc from https://www.bleepingcomputer.com/news/security/
address_full: 11 PM 0 How AI Exposed a Browser Security Gap that from https://www.bleepingcomputer.com/news/security/
address_full: 02 AM 0 Ransom Cartel ransomware creator sentenced from https://www.bleepingcomputer.com/news/security/
address_full: 00 PM 1 Canadian pleads guilty to Snowflake cloud  from https://www.bleepingcomputer.com/news/security/
address_full: 53 PM 0 1 2 3 4 5 Upcoming Webinar Popular Stories from https://www.bleepingcomputer.com/news/security/
address: 120 victims worldwide. Sergiu Gatlan August from https://www.bleepingcomputer.com/news/security/
address: 56 AM 0 LexisNexis shuts down services after suspi from https://www.bleepingcomputer.com/news/security/
address: 11 AM 0 Valve notifies Steam hardware customers of from https://www.bleepingcomputer.com/news/security/
address: 49 AM 0 Hackers breach TrueConf to trojanize clien from https://www.bleepingcomputer.com/news/security/
address: 14 PM 0 Unlimited Technology Systems breach impact from https://www.bleepingcomputer.com/news/security/
address: 00 AM 0 North Carolina Ports confirms cyberattack  from https://www.bleepingcomputer.com/news/security/
address: 200 accounts. Lawrence Abrams August from https://www.bleepingcomputer.com/news/security/
address: 14 PM 0 New TONTOU CPU attack bypasses Spectre v2  from https://www.bleepingcomputer.com/news/security/
address: 03 PM 0 Meta AI model hacked a company during misc from https://www.bleepingcomputer.com/news/security/
address: 11 PM 0 How AI Exposed a Browser Security Gap that from https://www.bleepingcomputer.com/news/security/
address: 02 AM 0 Ransom Cartel ransomware creator sentenced from https://www.bleepingcomputer.com/news/security/
address: 165 organizations in a scheme to extort millions o from https://www.bleepingcomputer.com/news/security/
address: 53 PM 0 1 2 3 4 5 Upcoming Webinar Popular Stories from https://www.bleepingcomputer.com/news/security/
address_full: 20 years of experience in the field. Throughout hi from https://www.threatlocker.com/webinars/privilege-escalation-the-attack-path-most-security-tools-overlook?utm_source=bleeping_computer&utm_medium=sponsor&utm_campaign=privilege-escalation-webinar_8-26&utm_content=privilege-escalation-webinar-970x250&utm_term=display
address_full: 20 years of experience in the field. Throughout hi from https://www.threatlocker.com/webinars/privilege-escalation-the-attack-path-most-security-tools-overlook?utm_source=bleeping_computer&utm_medium=sponsor&utm_campaign=privilege-escalation-webinar_8-26&utm_content=privilege-escalation-webinar-970x250&utm_term=display
address_full: 30 days and experience full Zero Trust from https://www.threatlocker.com/webinars/privilege-escalation-the-attack-path-most-security-tools-overlook?utm_source=bleeping_computer&utm_medium=sponsor&utm_campaign=privilege-escalation-webinar_8-26&utm_content=privilege-escalation-webinar-970x250&utm_term=display
email: ma***@threatlocker.com from https://www.threatlocker.com/webinars/privilege-escalation-the-attack-path-most-security-tools-overlook?utm_source=bleeping_computer&utm_medium=sponsor&utm_campaign=privilege-escalation-webinar_8-26&utm_content=privilege-escalation-webinar-970x250&utm_term=display
date: Aug 11, 2026 from https://www.threatlocker.com/webinars/privilege-escalation-the-attack-path-most-security-tools-overlook?utm_source=bleeping_computer&utm_medium=sponsor&utm_campaign=privilege-escalation-webinar_8-26&utm_content=privilege-escalation-webinar-970x250&utm_term=display
address: 20 years of experience in the field. Throughout hi from https://www.threatlocker.com/webinars/privilege-escalation-the-attack-path-most-security-tools-overlook?utm_source=bleeping_computer&utm_medium=sponsor&utm_campaign=privilege-escalation-webinar_8-26&utm_content=privilege-escalation-webinar-970x250&utm_term=display
address: 20 years of experience in the field. Throughout hi from https://www.threatlocker.com/webinars/privilege-escalation-the-attack-path-most-security-tools-overlook?utm_source=bleeping_computer&utm_medium=sponsor&utm_campaign=privilege-escalation-webinar_8-26&utm_content=privilege-escalation-webinar-970x250&utm_term=display
address: 30 days and experience full Zero Trust from https://www.threatlocker.com/webinars/privilege-escalation-the-attack-path-most-security-tools-overlook?utm_source=bleeping_computer&utm_medium=sponsor&utm_campaign=privilege-escalation-webinar_8-26&utm_content=privilege-escalation-webinar-970x250&utm_term=display
username: @threatlocker from https://www.threatlocker.com/webinars/privilege-escalation-the-attack-path-most-security-tools-overlook?utm_source=bleeping_computer&utm_medium=sponsor&utm_campaign=privilege-escalation-webinar_8-26&utm_content=privilege-escalation-webinar-970x250&utm_term=display
address_full: 120 victims worldwide. Sergiu Gatlan August from https://www.bleepingcomputer.com/
address_full: 56 AM 0 Security LexisNexis shuts down services af from https://www.bleepingcomputer.com/
address_full: 11 AM 0 Security Valve notifies Steam hardware cus from https://www.bleepingcomputer.com/
address_full: 47 AM 0 Deals This lifetime subscription of AdGuar from https://www.bleepingcomputer.com/
address_full: 11 AdGuard from https://www.bleepingcomputer.com/
address_full: 09 AM 0 Security Critical Progress LoadMaster from https://www.bleepingcomputer.com/
address_full: 49 AM 0 Security Hackers breach TrueConf to trojan from https://www.bleepingcomputer.com/
address_full: 16 AM 0 Deals Lifetime access to 1TB of cloud stor from https://www.bleepingcomputer.com/
address_full: 11 AM 0 Security , Software Metabase SQLi zero-day from https://www.bleepingcomputer.com/
address_full: 14 PM 0 Security , Healthcare Unlimited Technology from https://www.bleepingcomputer.com/
address_full: 2026 Threat Report examines two separate attack ch from https://www.bleepingcomputer.com/
address_full: 00 AM 0 Security North Carolina Ports confirms cyb from https://www.bleepingcomputer.com/
address_full: 25 with this five-course bundle The Ultimate AI Le from https://www.bleepingcomputer.com/
address_full: 12 AM 1 Deals Protect from https://www.bleepingcomputer.com/
address_full: 6 Sol for Plus and Pro users, while Free users are from https://www.bleepingcomputer.com/
address_full: 48 PM 6 Security ClickFix attack pushes macOS info from https://www.bleepingcomputer.com/
address_full: 37 PM 0 Security Hedge fund cyberattacks tied to B from https://www.bleepingcomputer.com/
address_full: 200 accounts. Lawrence Abrams August from https://www.bleepingcomputer.com/
address_full: 14 PM 0 1 2 3 4 5 View More Upcoming Webinar Popul from https://www.bleepingcomputer.com/
address: 120 victims worldwide. Sergiu Gatlan August from https://www.bleepingcomputer.com/
address: 56 AM 0 Security LexisNexis shuts down services af from https://www.bleepingcomputer.com/
address: 11 AM 0 Security Valve notifies Steam hardware cus from https://www.bleepingcomputer.com/
address: 47 AM 0 Deals This lifetime subscription of AdGuar from https://www.bleepingcomputer.com/
address: 11 AdGuard from https://www.bleepingcomputer.com/
address: 49 AM 0 Security Hackers breach TrueConf to trojan from https://www.bleepingcomputer.com/
address: 16 AM 0 Deals Lifetime access to 1TB of cloud stor from https://www.bleepingcomputer.com/
address: 14 PM 0 Security , Healthcare Unlimited Technology from https://www.bleepingcomputer.com/
address: 00 AM 0 Security North Carolina Ports confirms cyb from https://www.bleepingcomputer.com/
address: 12 AM 1 Deals Protect from https://www.bleepingcomputer.com/
address: 6 Luna. Mayank Parmar August from https://www.bleepingcomputer.com/
address: 200 accounts. Lawrence Abrams August from https://www.bleepingcomputer.com/
address: 14 PM 0 1 2 3 4 5 View More Upcoming Webinar Popul from https://www.bleepingcomputer.com/
address_full: 34 AM 0 CISA has confirmed that ransomware gangs h from https://www.bleepingcomputer.com/news/security/cisa-sonicwall-sma1000-flaws-now-exploited-by-ransomware-gangs/
address_full: 380 SMA1000 appliances exposed online, although so from https://www.bleepingcomputer.com/news/security/cisa-sonicwall-sma1000-flaws-now-exploited-by-ransomware-gangs/
address_full: 100 SonicWall SSLVPN accounts compromised using st from https://www.bleepingcomputer.com/news/security/cisa-sonicwall-sma1000-flaws-now-exploited-by-ransomware-gangs/
address_zip: 15409 from https://www.bleepingcomputer.com/news/security/cisa-sonicwall-sma1000-flaws-now-exploited-by-ransomware-gangs/
address_zip: 15410 from https://www.bleepingcomputer.com/news/security/cisa-sonicwall-sma1000-flaws-now-exploited-by-ransomware-gangs/
address_zip: 15409 from https://www.bleepingcomputer.com/news/security/cisa-sonicwall-sma1000-flaws-now-exploited-by-ransomware-gangs/
address_zip: 15410 from https://www.bleepingcomputer.com/news/security/cisa-sonicwall-sma1000-flaws-now-exploited-by-ransomware-gangs/
address_zip: 40602 from https://www.bleepingcomputer.com/news/security/cisa-sonicwall-sma1000-flaws-now-exploited-by-ransomware-gangs/
address: 34 AM 0 CISA has confirmed that ransomware gangs h from https://www.bleepingcomputer.com/news/security/cisa-sonicwall-sma1000-flaws-now-exploited-by-ransomware-gangs/
address: 380 SMA1000 appliances exposed online, although so from https://www.bleepingcomputer.com/news/security/cisa-sonicwall-sma1000-flaws-now-exploited-by-ransomware-gangs/
address: 100 SonicWall SSLVPN accounts compromised using st from https://www.bleepingcomputer.com/news/security/cisa-sonicwall-sma1000-flaws-now-exploited-by-ransomware-gangs/
address_full: 120 victims worldwide. Sergiu Gatlan August from https://www.bleepingcomputer.com/author/sergiu-gatlan/
address_full: 56 AM 0 Valve notifies Steam hardware customers of from https://www.bleepingcomputer.com/author/sergiu-gatlan/
address_full: 47 AM 0 Critical Progress LoadMaster from https://www.bleepingcomputer.com/author/sergiu-gatlan/
address_full: 49 AM 0 Chick-fil-A data breach affects more than  from https://www.bleepingcomputer.com/author/sergiu-gatlan/
address_full: 1 billion for search, app store antitrust from https://www.bleepingcomputer.com/author/sergiu-gatlan/
address_full: 44 AM 0 Chick-fil-A discloses data breach after cr from https://www.bleepingcomputer.com/author/sergiu-gatlan/
address_full: 40 AM 0 Sergiu Gatlan News Virus Removal Guides Tu from https://www.bleepingcomputer.com/author/sergiu-gatlan/
address_zip: 64600 from https://www.bleepingcomputer.com/author/sergiu-gatlan/
address: 120 victims worldwide. Sergiu Gatlan August from https://www.bleepingcomputer.com/author/sergiu-gatlan/
address: 56 AM 0 Valve notifies Steam hardware customers of from https://www.bleepingcomputer.com/author/sergiu-gatlan/
address: 000 customers had their accounts breached in a wav from https://www.bleepingcomputer.com/author/sergiu-gatlan/
address: 1 billion for search, app store antitrust from https://www.bleepingcomputer.com/author/sergiu-gatlan/
address: 40 AM 0 Sergiu Gatlan News Virus Removal Guides Tu from https://www.bleepingcomputer.com/author/sergiu-gatlan/
address_full: 34 AM 0 CISA has confirmed that ransomware gangs h from https://www.bleepingcomputer.com/news/security/cisa-sonicwall-sma1000-flaws-now-exploited-by-ransomware-gangs/
address_full: 380 SMA1000 appliances exposed online, although so from https://www.bleepingcomputer.com/news/security/cisa-sonicwall-sma1000-flaws-now-exploited-by-ransomware-gangs/
address_full: 100 SonicWall SSLVPN accounts compromised using st from https://www.bleepingcomputer.com/news/security/cisa-sonicwall-sma1000-flaws-now-exploited-by-ransomware-gangs/
address_full: 2026 cyber threats Overdue a password from https://www.bleepingcomputer.com/news/security/cisa-sonicwall-sma1000-flaws-now-exploited-by-ransomware-gangs/
address_zip: 15409 from https://www.bleepingcomputer.com/news/security/cisa-sonicwall-sma1000-flaws-now-exploited-by-ransomware-gangs/
address_zip: 15410 from https://www.bleepingcomputer.com/news/security/cisa-sonicwall-sma1000-flaws-now-exploited-by-ransomware-gangs/
address_zip: 15409 from https://www.bleepingcomputer.com/news/security/cisa-sonicwall-sma1000-flaws-now-exploited-by-ransomware-gangs/
address_zip: 15410 from https://www.bleepingcomputer.com/news/security/cisa-sonicwall-sma1000-flaws-now-exploited-by-ransomware-gangs/
address_zip: 40602 from https://www.bleepingcomputer.com/news/security/cisa-sonicwall-sma1000-flaws-now-exploited-by-ransomware-gangs/
address: 34 AM 0 CISA has confirmed that ransomware gangs h from https://www.bleepingcomputer.com/news/security/cisa-sonicwall-sma1000-flaws-now-exploited-by-ransomware-gangs/
address: 380 SMA1000 appliances exposed online, although so from https://www.bleepingcomputer.com/news/security/cisa-sonicwall-sma1000-flaws-now-exploited-by-ransomware-gangs/
address: 100 SonicWall SSLVPN accounts compromised using st from https://www.bleepingcomputer.com/news/security/cisa-sonicwall-sma1000-flaws-now-exploited-by-ransomware-gangs/
address: 2026 cyber threats Overdue a password from https://www.bleepingcomputer.com/news/security/cisa-sonicwall-sma1000-flaws-now-exploited-by-ransomware-gangs/
address_full: 207 states that organizations should not grant imp from https://www.bleepingcomputer.com/news/security/when-credentials-are-no-longer-enough-device-trust-in-the-ai-era/
address: 207 states that organizations should not grant imp from https://www.bleepingcomputer.com/news/security/when-credentials-are-no-longer-enough-device-trust-in-the-ai-era/
address_full: 207 states that organizations should not grant imp from https://www.bleepingcomputer.com/news/security/when-credentials-are-no-longer-enough-device-trust-in-the-ai-era/
address_full: 2026 cyber threats Overdue a password from https://www.bleepingcomputer.com/news/security/when-credentials-are-no-longer-enough-device-trust-in-the-ai-era/
address: 207 states that organizations should not grant imp from https://www.bleepingcomputer.com/news/security/when-credentials-are-no-longer-enough-device-trust-in-the-ai-era/
address: 2026 cyber threats Overdue a password from https://www.bleepingcomputer.com/news/security/when-credentials-are-no-longer-enough-device-trust-in-the-ai-era/
address_full: 2026 The State of Shadow AI Most from https://pushsecurity.com/webinar/shadow-ai?utm_campaign=48737146-FY27Q3_Webinar_Shadow-AI&utm_source=bleeping-computer
address: 2026 The State of Shadow AI Most from https://pushsecurity.com/webinar/shadow-ai?utm_campaign=48737146-FY27Q3_Webinar_Shadow-AI&utm_source=bleeping-computer
address_full: 2023 by West Yorkshire Police. Swaddle was sentenc from https://www.bleepingcomputer.com/news/security/member-of-the-com-sent-to-prison-for-blackmail-sextortion/
address_full: 2025 and now face life in prison for operating an  from https://www.bleepingcomputer.com/news/security/member-of-the-com-sent-to-prison-for-blackmail-sextortion/
address_full: 30 arrests and 179 suspects being linked to The Co from https://www.bleepingcomputer.com/news/security/member-of-the-com-sent-to-prison-for-blackmail-sextortion/
address_full: 000 students Valve notifies Steam hardware custome from https://www.bleepingcomputer.com/news/security/member-of-the-com-sent-to-prison-for-blackmail-sextortion/
address_full: 2026 cyber threats Upcoming Webinar Login Username from https://www.bleepingcomputer.com/news/security/member-of-the-com-sent-to-prison-for-blackmail-sextortion/
address: 2023 by West Yorkshire Police. Swaddle was sentenc from https://www.bleepingcomputer.com/news/security/member-of-the-com-sent-to-prison-for-blackmail-sextortion/
address: 2025 and now face life in prison for operating an  from https://www.bleepingcomputer.com/news/security/member-of-the-com-sent-to-prison-for-blackmail-sextortion/
address: 000 students Valve notifies Steam hardware custome from https://www.bleepingcomputer.com/news/security/member-of-the-com-sent-to-prison-for-blackmail-sextortion/
address: 2026 cyber threats Upcoming Webinar Login Username from https://www.bleepingcomputer.com/news/security/member-of-the-com-sent-to-prison-for-blackmail-sextortion/
address_full: 2023 by West Yorkshire Police. Swaddle was sentenc from https://www.bleepingcomputer.com/news/security/member-of-the-com-sent-to-prison-for-blackmail-sextortion/
address_full: 2025 and now face life in prison for operating an  from https://www.bleepingcomputer.com/news/security/member-of-the-com-sent-to-prison-for-blackmail-sextortion/
address_full: 30 arrests and 179 suspects being linked to The Co from https://www.bleepingcomputer.com/news/security/member-of-the-com-sent-to-prison-for-blackmail-sextortion/
address_full: 000 students Valve notifies Steam hardware custome from https://www.bleepingcomputer.com/news/security/member-of-the-com-sent-to-prison-for-blackmail-sextortion/
address_full: 2026 cyber threats Overdue a password from https://www.bleepingcomputer.com/news/security/member-of-the-com-sent-to-prison-for-blackmail-sextortion/
address: 2023 by West Yorkshire Police. Swaddle was sentenc from https://www.bleepingcomputer.com/news/security/member-of-the-com-sent-to-prison-for-blackmail-sextortion/
address: 2025 and now face life in prison for operating an  from https://www.bleepingcomputer.com/news/security/member-of-the-com-sent-to-prison-for-blackmail-sextortion/
address: 000 students Valve notifies Steam hardware custome from https://www.bleepingcomputer.com/news/security/member-of-the-com-sent-to-prison-for-blackmail-sextortion/
address: 2026 cyber threats Overdue a password from https://www.bleepingcomputer.com/news/security/member-of-the-com-sent-to-prison-for-blackmail-sextortion/
address_full: 11 AM 0 LexisNexis took its Diligence, Metabase AP from https://www.bleepingcomputer.com/news/security/lexisnexis-shuts-down-services-after-suspicious-activity-on-servers/
address_full: 000 individuals after from https://www.bleepingcomputer.com/news/security/lexisnexis-shuts-down-services-after-suspicious-activity-on-servers/
address_full: 2026 attack chains How AI Exposed a Browser Securi from https://www.bleepingcomputer.com/news/security/lexisnexis-shuts-down-services-after-suspicious-activity-on-servers/
address_full: 20 How AI-powered phishing killed blocklists for g from https://www.bleepingcomputer.com/news/security/lexisnexis-shuts-down-services-after-suspicious-activity-on-servers/
address_full: 2026 cyber threats Upcoming Webinar Login Username from https://www.bleepingcomputer.com/news/security/lexisnexis-shuts-down-services-after-suspicious-activity-on-servers/
address: 11 AM 0 LexisNexis took its Diligence, Metabase AP from https://www.bleepingcomputer.com/news/security/lexisnexis-shuts-down-services-after-suspicious-activity-on-servers/
address: 2026 attack chains How AI Exposed a Browser Securi from https://www.bleepingcomputer.com/news/security/lexisnexis-shuts-down-services-after-suspicious-activity-on-servers/
address: 2026 cyber threats Upcoming Webinar Login Username from https://www.bleepingcomputer.com/news/security/lexisnexis-shuts-down-services-after-suspicious-activity-on-servers/
address_full: 1 2 3 4 5 LexisNexis shuts down services after sus from https://www.bleepingcomputer.com/author/bill-toulas/
address_full: 11 AM 0 Hackers breach TrueConf to trojanize clien from https://www.bleepingcomputer.com/author/bill-toulas/
address_full: 16 AM 0 Unlimited Technology Systems breach impact from https://www.bleepingcomputer.com/author/bill-toulas/
address_full: 48 AM 0 North Carolina Ports confirms cyberattack  from https://www.bleepingcomputer.com/author/bill-toulas/
address_full: 365 accounts. Bill Toulas August from https://www.bleepingcomputer.com/author/bill-toulas/
address_full: 45 PM 0 New XCSSET variant targets macOS devs via  from https://www.bleepingcomputer.com/author/bill-toulas/
address_full: 24 AM 1 Hotel Wi-Fi attacks use custom malware to  from https://www.bleepingcomputer.com/author/bill-toulas/
address_full: 17 PM 0 Fake Roblox Xeno script launcher pushes in from https://www.bleepingcomputer.com/author/bill-toulas/
address_full: 000 police officers and other criminal justice pro from https://www.bleepingcomputer.com/author/bill-toulas/
address_full: 20 AM 0 Arch Linux disables AUR package adoption t from https://www.bleepingcomputer.com/author/bill-toulas/
address_full: 38 PM 0 Bill Toulas News Virus Removal Guides Tuto from https://www.bleepingcomputer.com/author/bill-toulas/
address_zip: 18577 from https://www.bleepingcomputer.com/author/bill-toulas/
address: 1 2 3 4 5 LexisNexis shuts down services after sus from https://www.bleepingcomputer.com/author/bill-toulas/
address: 11 AM 0 Hackers breach TrueConf to trojanize clien from https://www.bleepingcomputer.com/author/bill-toulas/
address: 16 AM 0 Unlimited Technology Systems breach impact from https://www.bleepingcomputer.com/author/bill-toulas/
address: 48 AM 0 North Carolina Ports confirms cyberattack  from https://www.bleepingcomputer.com/author/bill-toulas/
address: 365 accounts. Bill Toulas August from https://www.bleepingcomputer.com/author/bill-toulas/
address: 45 PM 0 New XCSSET variant targets macOS devs via  from https://www.bleepingcomputer.com/author/bill-toulas/
address: 17 PM 0 Fake Roblox Xeno script launcher pushes in from https://www.bleepingcomputer.com/author/bill-toulas/
address: 000 police officers and other criminal justice pro from https://www.bleepingcomputer.com/author/bill-toulas/
address: 20 AM 0 Arch Linux disables AUR package adoption t from https://www.bleepingcomputer.com/author/bill-toulas/
address: 38 PM 0 Bill Toulas News Virus Removal Guides Tuto from https://www.bleepingcomputer.com/author/bill-toulas/
address_full: 11 AM 0 LexisNexis took its Diligence, Metabase AP from https://www.bleepingcomputer.com/news/security/lexisnexis-shuts-down-services-after-suspicious-activity-on-servers/
address_full: 000 individuals after from https://www.bleepingcomputer.com/news/security/lexisnexis-shuts-down-services-after-suspicious-activity-on-servers/
address_full: 2026 attack chains How AI Exposed a Browser Securi from https://www.bleepingcomputer.com/news/security/lexisnexis-shuts-down-services-after-suspicious-activity-on-servers/
address_full: 20 How AI-powered phishing killed blocklists for g from https://www.bleepingcomputer.com/news/security/lexisnexis-shuts-down-services-after-suspicious-activity-on-servers/
address: 11 AM 0 LexisNexis took its Diligence, Metabase AP from https://www.bleepingcomputer.com/news/security/lexisnexis-shuts-down-services-after-suspicious-activity-on-servers/
address: 2026 attack chains How AI Exposed a Browser Securi from https://www.bleepingcomputer.com/news/security/lexisnexis-shuts-down-services-after-suspicious-activity-on-servers/