address_full: 12 education Government schools in partnership wit from https://u.ae/en/information-and-services
address_full: 2030 Environment and energy Programmes and awards  from https://u.ae/en/information-and-services
address_full: 19 Life post from https://u.ae/en/information-and-services
address_full: 2031 Vision Social welfare Gender equality Women Y from https://u.ae/en/information-and-services
address_full: 19 Literacy Challenge in the Arab World - 2030 Hum from https://u.ae/en/information-and-services
address_full: 2024 Below table shows the most from https://u.ae/en/information-and-services
address: 12 education Government schools in partnership wit from https://u.ae/en/information-and-services
address: 2030 Environment and energy Programmes and awards  from https://u.ae/en/information-and-services
address: 19 Life post from https://u.ae/en/information-and-services
address: 2030 Humanitarian Logistics Databank FAQs about ch from https://u.ae/en/information-and-services
address: 2024 Below table shows the most from https://u.ae/en/information-and-services
address_full: 1 and 2 or licensed professions. The position must from https://u.ae/en/information-and-services/jobs/employment-and-training-of-minors
address_full: 22 of 2022 that have enabled students to work and  from https://u.ae/en/information-and-services/jobs/employment-and-training-of-minors
address_full: 15 years and above during their academic holidays, from https://u.ae/en/information-and-services/jobs/employment-and-training-of-minors
address_full: 06 Oct from https://u.ae/en/information-and-services/jobs/employment-and-training-of-minors
address: 1 and 2 or licensed professions. The position must from https://u.ae/en/information-and-services/jobs/employment-and-training-of-minors
address: 22 of 2022 that have enabled students to work and  from https://u.ae/en/information-and-services/jobs/employment-and-training-of-minors
address: 15 years and above during their academic holidays, from https://u.ae/en/information-and-services/jobs/employment-and-training-of-minors
address: 06 Oct from https://u.ae/en/information-and-services/jobs/employment-and-training-of-minors
address_full: 48 hours from the incident. Obligations of the emp from https://u.ae/en/information-and-services/jobs/health-and-safety-at-workplace
address_full: 5 years after from https://u.ae/en/information-and-services/jobs/health-and-safety-at-workplace
address_full: 10 days after from https://u.ae/en/information-and-services/jobs/health-and-safety-at-workplace
address_full: 30 pm and 3 pm, from 15 June to 15 September of ev from https://u.ae/en/information-and-services/jobs/health-and-safety-at-workplace
address_full: 100 workers or more, must from https://u.ae/en/information-and-services/jobs/health-and-safety-at-workplace
address_full: 06 Oct from https://u.ae/en/information-and-services/jobs/health-and-safety-at-workplace
address: 48 hours from the incident. Obligations of the emp from https://u.ae/en/information-and-services/jobs/health-and-safety-at-workplace
address: 30 pm and 3 pm, from 15 June to 15 September of ev from https://u.ae/en/information-and-services/jobs/health-and-safety-at-workplace
address: 100 workers or more, must from https://u.ae/en/information-and-services/jobs/health-and-safety-at-workplace
address: 06 Oct from https://u.ae/en/information-and-services/jobs/health-and-safety-at-workplace
address_full: 90 or 120 days. Read about the eligibility criteri from https://u.ae/en/information-and-services/jobs/searching-for-a-job
address: 90 or 120 days. Read about the eligibility criteri from https://u.ae/en/information-and-services/jobs/searching-for-a-job
address_full: 100 and an approval fee of AED 500. As per Federal from https://u.ae/en/information-and-services/jobs/working-for-two-employers-at-one-time
address_full: 29 of 2006 Concerning the Rights of People with Sp from https://u.ae/en/information-and-services/jobs/employment-of-people-with-special-needs
address: 29 of 2006 Concerning the Rights of People with Sp from https://u.ae/en/information-and-services/jobs/employment-of-people-with-special-needs
address_full: 3 is the key provision of the law. It states that  from https://u.ae/en/information-and-services/social-affairs/gender-equality/gender-equality-in-the-workplace
address: 3 is the key provision of the law. It states that  from https://u.ae/en/information-and-services/social-affairs/gender-equality/gender-equality-in-the-workplace