address: 4 hrs ago Middle East Suspected crime boss Daniel  from https://www.bbc.com
address: 13 hrs ago Europe Puerto Rico rations water suppli from https://www.bbc.com
address: 9 hrs ago Europe Israel accused of weaponising arc from https://www.bbc.com
address: 1 day ago Middle East from https://www.bbc.com
address: 10 hrs ago Latin America Fast from https://www.bbc.com
address: 10 of the best films to watch this August from https://www.bbc.com
address: 7 August from https://www.bbc.com
address: 606 Rain on rivers and rough for Rangers Save from https://www.bbc.com
address: 2013 but things could have from https://www.bbc.com
address: 10 winning pictures from the World Food Photograph from https://www.bbc.com
address: 4 hrs ago Middle East Suspected crime boss Daniel  from https://www.bbc.com
address: 13 hrs ago Europe Puerto Rico rations water suppli from https://www.bbc.com
address: 9 hrs ago Europe Israel accused of weaponising arc from https://www.bbc.com
address: 1 day ago Middle East from https://www.bbc.com
address: 10 hrs ago Latin America Fast from https://www.bbc.com
address: 10 of the best films to watch this August from https://www.bbc.com
address: 7 August from https://www.bbc.com
address: 606 Rain on rivers and rough for Rangers Save from https://www.bbc.com
address: 2013 but things could have from https://www.bbc.com
address: 10 winning pictures from the World Food Photograph from https://www.bbc.com
address: 12 Burnham brings forward from https://www.bbc.co.uk/
address: 13 years The former Old Vic landlady Linda Carter  from https://www.bbc.co.uk/
address: 56 minutes What are my rights if wildfires affect from https://www.bbc.co.uk/
address: 00 Best from https://www.bbc.co.uk/
address: 00 View more Uplifting stories Why this village ha from https://www.bbc.co.uk/
address: 34 Does dialect bias affect from https://www.bbc.co.uk/
address: 34 The video playlist from https://www.bbc.co.uk/
address: 4 hrs ago Middle East from https://www.bbc.com/news
address: 2 hrs ago Africa Residents warned to brace for the from https://www.bbc.com/news
address: 1 day ago World Also in news Hormuz talks positive from https://www.bbc.com/news
address: 000 buildings and injured five people on the Japan from https://www.bbc.com/news
address: 1 day ago Middle East from https://www.bbc.com/news
address: 21 hrs ago Culture Most from https://www.bbc.com/news
address: 1 Evidence that South African special forces murde from https://www.bbc.com/news
address: 9 Car carrying eight teenagers crashes on wrong si from https://www.bbc.com/news
address: 8 hrs ago Liverpool Niemann wins as Rahm secures L from https://www.bbc.com/news
address: 4 hrs ago Middle East from https://www.bbc.com/news/us-canada
address: 1 day ago Culture US appeals court halts Trump bal from https://www.bbc.com/news/us-canada
address: 1 day ago World Residents warned to brace for the  from https://www.bbc.com/news/us-canada
address: 7 August from https://www.bbc.com/news/us-canada
address: 20 team worked on preventing the spread of the Aut from https://www.bbc.com/news/us-canada
address: 51 mins ago Residents warned to brace for the wors from https://www.bbc.com/news/us-canada
address: 2 hrs ago 5 hrs ago Man arrested after boat capsiz from https://www.bbc.com/news/us-canada
address: 2 hrs ago More areas of UK likely to move into dro from https://www.bbc.com/news/uk
address: 19 hrs ago Wales Banksy works cost public almost from https://www.bbc.com/news/uk
address: 000 FOI requests reveal Banksy artworks have cost  from https://www.bbc.com/news/uk
address: 5 hrs ago England Kellie Bright to leave EastEnder from https://www.bbc.com/news/uk
address: 2 days ago 2 days ago Belfast from https://www.bbc.com/news/uk
address: 52 calls from the phone box part of a project to s from https://www.bbc.com/news/uk
address: 1 day ago Politics Sturgeon has not spoken to Murr from https://www.bbc.com/news/politics
address: 2025 to restrict from https://www.bbc.com/news/politics
address: 15 hrs ago England Stray cats showing up at raves, from https://www.bbc.com/news/england
address: 8 hrs ago Bristol Banksy works cost public almost from https://www.bbc.com/news/england
address: 000 FOI requests reveal Banksy artworks have cost  from https://www.bbc.com/news/england
address: 1 day ago England Man charged with murder after st from https://www.bbc.com/news/england
address: 12 hrs ago 15 hrs ago Dismay as stranded Red Arrow from https://www.bbc.com/news/england
address: 10 hrs ago Northern Ireland Car carrying eight tee from https://www.bbc.com/news/northern_ireland
address: 4 hrs ago Northern Ireland Plan to extend some Bel from https://www.bbc.com/news/northern_ireland
address: 12 hrs ago Football The Fleadh in Belfast from https://www.bbc.com/news/northern_ireland
address: 200 events are planned, alongside competitions, co from https://www.bbc.com/news/northern_ireland
address: 2 to 9 August. Irish music takes over as Belfast from https://www.bbc.com/news/northern_ireland
address: 000 participants and 124 bands are marking the ann from https://www.bbc.com/news/northern_ireland
address: 200 events are planned, alongside competitions, co from https://www.bbc.com/news/northern_ireland
address: 20 transplant recipients and six living kidney don from https://www.bbc.com/news/northern_ireland
address: 24 Jul 2026 Northern Ireland Gerry Kelly will not  from https://www.bbc.com/news/northern_ireland/northern_ireland_politics
address: 18 July. 17 hrs ago Scotland Sturgeon has not spok from https://www.bbc.com/news/scotland
address: 4 hrs ago Scotland scrape past from https://www.bbc.com/news/scotland
address: 7 hrs ago Scotland Politics Sturgeon has not spoke from https://www.bbc.com/news/scotland/scotland_politics
address: 000 embezzlement. 3 days ago Scotland Politics Whi from https://www.bbc.com/news/scotland/scotland_politics
address: 000 Scottish students have found out how they did  from https://www.bbc.com/news/scotland/scotland_politics
address: 2028 is a must from https://www.bbc.com/news/wales
address: 2 days ago Wales Systemic problems at health board from https://www.bbc.com/news/wales/wales_politics
address: 3 days ago Wales Radical action needed to protect from https://www.bbc.com/news/wales/wales_politics
address: 5 hrs ago Africa DR from https://www.bbc.com/news/world/africa
address: 000 migrants from Morocco have from https://www.bbc.com/news/world/africa
address: 700 people and killed 580 in DR from https://www.bbc.com/news/world/africa
address: 3 days ago 3 days ago DR Congo river boat under qu from https://www.bbc.com/news/world/africa
address: 000 buildings and injured five people on the Japan from https://www.bbc.com/news/world/asia
address: 000 miles away Women in the team, which is recogni from https://www.bbc.com/news/world/asia
address: 2 days ago 2 days ago What we know so far about th from https://www.bbc.com/news/world/asia
address: 3 days ago 3 days ago Moment earthquake shakes hos from https://www.bbc.com/news/world/asia
address: 27 Jul 2026 Business China hits out at British Ste from https://www.bbc.com/news/world/asia/china
address: 23 Jul 2026 Asia Video appears to show confrontati from https://www.bbc.com/news/world/asia/china
address: 4 days ago World Youth protests have from https://www.bbc.com/news/world/asia/india
address: 3 days ago Asia Journalist Tarun Tejpal sentenced  from https://www.bbc.com/news/world/asia/india
address: 3 days ago 4 days ago Indian journalist Tarun Tejp from https://www.bbc.com/news/world/asia/india
address: 5 days ago Australia Australian aviation crew carr from https://www.bbc.com/news/world/australia
address: 4 days ago World Man extradited from Australia cha from https://www.bbc.com/news/world/australia
address: 2 days ago Book hidden in fireplace returned to Au from https://www.bbc.com/news/world/australia
address: 5 days ago 6 days ago Charity cyclist, 82, dies a  from https://www.bbc.com/news/world/australia
address: 6 days ago 7 days ago Top Australian radio host Al from https://www.bbc.com/news/world/australia
address: 4 hrs ago Europe Drones spotted over German base d from https://www.bbc.com/news/world/europe
address: 2 days ago World Kidnapped rare Serbian eagle free from https://www.bbc.com/news/world/europe
address: 13 hrs ago Europe Spain imposes border controls ag from https://www.bbc.com/news/world/europe
address: 002 Ukrainian properties have from https://www.bbc.com/news/world/europe
address: 21 injured after an explosive device detonated at  from https://www.bbc.com/news/world/europe
address: 4 hrs ago 9 hrs ago Car carrying eight teenagers c from https://www.bbc.com/news/world/europe
address: 9 hrs ago 9 hrs ago Drones spotted over German bas from https://www.bbc.com/news/world/europe
address: 5 days ago World Guatemala volcano eruption sends  from https://www.bbc.com/news/world/latin_america
address: 5 days ago 6 days ago Guatemala volcano eruption s from https://www.bbc.com/news/world/latin_america
address: 4 hrs ago Middle East Israel accused of weaponisin from https://www.bbc.com/news/world/middle_east
address: 1 day ago Middle East Rights groups say Israeli at from https://www.bbc.com/news/world/middle_east
address: 3 days ago Middle East Israel strikes south Lebano from https://www.bbc.com/news/world/middle_east
address: 3 days ago Middle East from https://www.bbc.com/news/world/middle_east
address: 2025 shooting of Odeh Hathaleen. 3 days ago Middle from https://www.bbc.com/news/world/middle_east
address: 56 people have from https://www.bbc.com/news/world/middle_east
address: 14 people on board from https://www.bbc.com/news/world/middle_east
address: 4 hrs ago 1 day ago Israel accused of weaponising  from https://www.bbc.com/news/world/middle_east
address: 1 day ago 3 days ago Houthi attacks reportedly kil from https://www.bbc.com/news/world/middle_east
address: 2025 shooting of Odeh Hathaleen. 3 days ago 3 days from https://www.bbc.com/news/world/middle_east
address: 56 people have from https://www.bbc.com/news/world/middle_east
address: 2026 Scorching temperatures in the French capital  from https://www.bbc.com/news/in_pictures
address: 7 August from https://www.bbc.com/news/in_pictures
address: 1999 arrives on 12 August from https://www.bbc.com/news/in_pictures
address: 7 Nov 2025 14 Oct from https://www.bbc.com/news/in_pictures
address: 2025 South African photographer Wim van den Heever from https://www.bbc.com/news/in_pictures
address: 8 Oct 2025 2 Aug 2025 Liverpool Street photo exhib from https://www.bbc.com/news/in_pictures
address: 27 Jul 2026 BBC InDepth What Love Island tells us  from https://www.bbc.com/news/bbcindepth
address: 27 Jul 2026 BBC InDepth ADHD has rewired the workp from https://www.bbc.com/news/bbcindepth
address: 20 people who know him to work it out Best from https://www.bbc.com/news/bbcindepth
address: 2025 to restrict from https://www.bbc.com/news/bbcverify
address: 168 people. They were promised steady pay and ende from https://www.bbc.com/news/bbcverify
address: 3 days ago The serial candidates standing against from https://www.bbc.com/news/bbcverify
address: 3 days ago 4 days ago Car washes and vape shops ca from https://www.bbc.com/news/bbcverify
address: 2013 but things could have from https://www.bbc.com/sport
address: 2 August from https://www.bbc.com/sport
address: 05 Maresca loses first from https://www.bbc.com/sport
address: 38 Maresca loses first match as Inter beat Man Cit from https://www.bbc.com/sport
address: 10 hours ago 10h Man Utd working on deal to sign L from https://www.bbc.com/sport
address: 2 August from https://www.bbc.com/sport
address: 2 days ago 2d The summer that changed Welsh footba from https://www.bbc.com/sport
address: 30 July 30 Jul Our latest from https://www.bbc.com/sport
address: 24 hrs ago The cost from https://www.bbc.com/business
address: 3 days ago Business Doge overstated claims to have from https://www.bbc.com/business
address: 4 days ago Meta becomes latest firm to say its AI  from https://www.bbc.com/business
address: 4 days ago 4 days ago US beef prices have from https://www.bbc.com/business
address: 4 days ago 5 days ago UK petrol prices hit highest from https://www.bbc.com/business
address: 5 days ago 5 days ago How tech is helping in the b from https://www.bbc.com/business
address: 17 Saver railcard from https://www.bbc.com/business
address: 2022 as Iran war pushes up oil price Higher oil pr from https://www.bbc.com/business
address: 6 days ago 6 days ago US states sue to block Trump from https://www.bbc.com/business
address: 3 days ago How tech is helping in the battle again from https://www.bbc.com/business/technology-of-business
address: 27 Jul 2026 Craft and keyboard from https://www.bbc.com/business/technology-of-business
address: 3 is expensive and demand is forecast from https://www.bbc.com/business/technology-of-business
address: 4 days ago 5 days ago How tech is helping in the b from https://www.bbc.com/business/technology-of-business
address: 27 Jul 2026 20 Jul 2026 Craft and keyboard from https://www.bbc.com/business/technology-of-business
address: 75 trillion valuation ahead of IPO Wall Street ope from https://www.bbc.com/business/opening-bell
address: 2 days ago Why divorce is skyrocketing among older from https://www.bbc.com/business/opening-bell
address: 2 days ago 31 Jul 2026 Boys and men are obsessing  from https://www.bbc.com/business/opening-bell
address: 12 Jun 2026 5 Jun 2026 Americans are turning again from https://www.bbc.com/business/opening-bell
address: 8 May 2026 1 May 2026 Lifespan keeps rising. But h from https://www.bbc.com/business/opening-bell
address: 24 Apr 2026 17 Apr 2026 Parents have from https://www.bbc.com/business/opening-bell
name: Dr. Eric Topol from https://www.bbc.com/business/opening-bell
address: 1 stories. 37 mins Save from https://www.bbc.com/technology
address: 2 days ago 2 days ago Artist from https://www.bbc.com/technology
address: 3 days ago 4 days ago Faster broadband rollout con from https://www.bbc.com/technology
address: 4 days ago 4 days ago Meta becomes latest firm to  from https://www.bbc.com/technology
address: 2027 could lead to human extinction within a decad from https://www.bbc.com/technology/artificial-intelligence
address: 22 May 2026 15 May 2026 The most from https://www.bbc.com/technology/tech-now
address: 1 May 2026 24 Apr 2026 Norway from https://www.bbc.com/technology/tech-now
address: 12 Mar 2026 6 Mar 2026 The Finnish shipyard from https://www.bbc.com/technology/tech-now
address: 20 minutes in nature can boost your health Spendin from https://www.bbc.com/health
address: 24 Jul 2026 24 Jul 2026 The dangers of heavy menst from https://www.bbc.com/health
address: 6 Jul 2026 5 Jul 2026 Why travellers are filling t from https://www.bbc.com/health
address: 19 of the best from https://www.bbc.com/culture
address: 10 of the best TV shows to watch this August from https://www.bbc.com/culture
address: 10 of the best films to watch this August from https://www.bbc.com/culture
address: 30 July 1963. In 2016, the BBC broadcast previousl from https://www.bbc.com/culture
address: 40 years at the pinnacle of classical music, a fea from https://www.bbc.com/culture
address: 50 Londoners, influential artist from https://www.bbc.com/culture
address: 200 events are planned, alongside competitions, co from https://www.bbc.com/culture
address: 17 hrs ago 18 hrs ago Female artists garden told t from https://www.bbc.com/culture
address: 18 hrs ago 19 hrs ago Test your news knowledge wit from https://www.bbc.com/culture
address: 20 hrs ago 1 day ago Banksy works cost public almo from https://www.bbc.com/culture
address: 000 FOI requests reveal Banksy artworks have cost  from https://www.bbc.com/culture
address: 1 day ago 1 day ago The people using music at the  from https://www.bbc.com/culture
address: 19 of the best from https://www.bbc.com/culture/film-tv
address: 10 of the best TV shows to watch this August from https://www.bbc.com/culture/film-tv
address: 10 of the best films to watch this August from https://www.bbc.com/culture/film-tv
address: 18 hrs ago 23 hrs ago Kellie Bright to leave EastE from https://www.bbc.com/culture/film-tv
address: 3 days ago 4 days ago Nadia Sawalha threatens ITV  from https://www.bbc.com/culture/film-tv
address: 1 day ago Musicians to perform by eye movements at from https://www.bbc.com/culture/music
address: 2 days ago 2 days ago Sophia Laforteza steps away from https://www.bbc.com/culture/music
address: 2 days ago 2 days ago Irish music takes over as Be from https://www.bbc.com/culture/music
address: 2 to 9 August. 3 days ago 3 days ago New open air  from https://www.bbc.com/culture/music
address: 30 years Hill says the band have from https://www.bbc.com/culture/music
address: 3 days ago 3 days ago Oasis promoter granted Knebw from https://www.bbc.com/culture/music
address: 2026 World Cup draws to a close, the BBC rounds up from https://www.bbc.com/culture/art
address: 1770 Boston Massacre by Paul Revere ignited fury a from https://www.bbc.com/culture/art
address: 1940 painting tells us about the artist from https://www.bbc.com/culture/art
address: 17 hrs ago Female artists garden told to vacate ro from https://www.bbc.com/culture/art
address: 17 hrs ago 24 hrs ago Banksy works cost public alm from https://www.bbc.com/culture/art
address: 000 FOI requests reveal Banksy artworks have cost  from https://www.bbc.com/culture/art
address: 24 hrs ago 2 days ago Record from https://www.bbc.com/culture/art
address: 1 Aug 2026 1 Aug 2026 Giant Mr Doodle sculptures a from https://www.bbc.com/culture/art
address: 1 Aug 2026 31 Jul 2026 Acclaimed Welsh artist Kevi from https://www.bbc.com/culture/art
address: 6 days ago 31 Jul 2026 How the Nordics have perfec from https://www.bbc.com/culture/style
address: 31 Jul 2026 29 Jul 2026 Beauty Pie founder on how  from https://www.bbc.com/culture/style
address: 150 years overdue It is thought an apprentice ston from https://www.bbc.com/culture/books
address: 1 day ago Culture Banksy works cost public almost from https://www.bbc.com/culture/entertainment-news
address: 000 FOI requests reveal Banksy artworks have cost  from https://www.bbc.com/culture/entertainment-news
address: 1 day ago England Kellie Bright to leave EastEnder from https://www.bbc.com/culture/entertainment-news
address: 30 years Hill says the band have from https://www.bbc.com/culture/entertainment-news
address: 20 hrs ago 24 hrs ago Kellie Bright to leave EastE from https://www.bbc.com/culture/entertainment-news
address: 2 days ago 3 days ago 19 of the best from https://www.bbc.com/culture/entertainment-news
address: 10 intimate images of a lost from https://www.bbc.com/arts
address: 3 hrs ago 18 hrs ago Female artists garden told to from https://www.bbc.com/arts
address: 20 hrs ago 1 day ago Banksy works cost public almo from https://www.bbc.com/arts
address: 000 FOI requests reveal Banksy artworks have cost  from https://www.bbc.com/arts
address: 1 day ago 2 days ago Record from https://www.bbc.com/arts
address: 3 days ago 3 days ago Theatre rebuild could be exp from https://www.bbc.com/arts
address: 4 days ago 4 days ago Cast from https://www.bbc.com/arts
address: 20 best from https://www.bbc.com/travel
address: 400 trespassers paved the way from https://www.bbc.com/travel
address: 4 days ago 7 days ago The tiny Spanish village tha from https://www.bbc.com/travel
address: 22 Jul 2026 18 Jul 2026 The best way from https://www.bbc.com/travel
address: 2026 The latest from https://www.bbc.com/travel
address: 4 days ago How 1980s comic The Dark Knight Returns from https://www.bbc.com/travel/destinations/africa
address: 7 days ago 30 Jul 2026 How 400 trespassers paved t from https://www.bbc.com/travel/destinations/africa
address: 30 July 1963. In 2016, the BBC broadcast previousl from https://www.bbc.com/travel/destinations/africa
address: 13 Jul 2026 12 Jul 2026 Which English accent sound from https://www.bbc.com/travel/destinations/africa
address: 6 Jul 2026 5 Jul 2026 The strangest game in footba from https://www.bbc.com/travel/destinations/africa
address: 19 might be a major concern for the Antarctic tour from https://www.bbc.com/travel/destinations/antarctica
address: 16 generations, master gardeners in this one famil from https://www.bbc.com/travel/destinations/asia
address: 16 tunnels, 250 bridges and 208 serpentine curves. from https://www.bbc.com/travel/destinations/asia
address: 000 forgotten mansions Once symbolic of the power  from https://www.bbc.com/travel/destinations/asia
address: 22 Jun 2026 8 Jun 2026 Holiday divers are helping  from https://www.bbc.com/travel/destinations/asia
address: 3 Jun 2026 27 May 2026 Why Sri Lankans hand out fr from https://www.bbc.com/travel/destinations/asia
address: 17 May 2026 11 May 2026 The prized Chinese green t from https://www.bbc.com/travel/destinations/asia
address: 400 trespassers paved the way from https://www.bbc.com/travel/destinations/europe
address: 4 days ago How 1980s comic The Dark Knight Returns from https://www.bbc.com/travel/destinations/north-america
address: 7 days ago 30 Jul 2026 How 400 trespassers paved t from https://www.bbc.com/travel/destinations/north-america
address: 30 July 1963. In 2016, the BBC broadcast previousl from https://www.bbc.com/travel/destinations/north-america
address: 13 Jul 2026 12 Jul 2026 Which English accent sound from https://www.bbc.com/travel/destinations/north-america
address: 6 Jul 2026 5 Jul 2026 The strangest game in footba from https://www.bbc.com/travel/destinations/north-america
address: 20 years ago, Brazil banned access to its highest  from https://www.bbc.com/travel/destinations/south-america
address: 96 eggs The baba is often served at Easter in Pola from https://www.bbc.com/travel/worlds-table
address: 1 Jun 2026 27 May 2026 Why Sri Lankans hand out fr from https://www.bbc.com/travel/worlds-table
address: 27 May 2026 11 May 2026 The prized Chinese green t from https://www.bbc.com/travel/worlds-table
address: 16 Feb 2026 14 Feb 2026 The most from https://www.bbc.com/travel/worlds-table
address: 600 horses In the midst from https://www.bbc.com/travel/cultural-experiences
address: 400 trespassers paved the way from https://www.bbc.com/travel/adventures
address: 7 days ago The tiny Spanish village that will have from https://www.bbc.com/travel/adventures
address: 7 days ago 30 Jul 2026 The devil worm is the deepe from https://www.bbc.com/travel/adventures
address: 30 Jul 2026 18 Jul 2026 The best way from https://www.bbc.com/travel/adventures
address: 53 years, fighting to preserve Cumberland Island f from https://www.bbc.com/travel/adventures
address: 5 Jun 2026 31 May 2026 The idyllic island you can  from https://www.bbc.com/travel/adventures
address: 27 Dec 2025 17 Dec 2025 How a Rockette spends Chri from https://www.bbc.com/travel/specialist
address: 17 Dec 2025 4 Dec 2025 A stylist from https://www.bbc.com/travel/specialist
address: 11 Nov 2025 8 Nov 2025 Five of the best rooftop ba from https://www.bbc.com/travel/specialist
address: 8 Nov 2025 20 Oct from https://www.bbc.com/travel/specialist
address: 20 Oct 2025 7 Oct from https://www.bbc.com/travel/specialist
address: 7 Oct from https://www.bbc.com/travel/specialist
address: 30 Sep 2025 20 Sep 2025 How to spend a weekend in  from https://www.bbc.com/travel/specialist
address: 19 deaths related to the heatwave from https://www.bbc.com/future-planet
address: 3 days ago 3 days ago Wildfire damage could take h from https://www.bbc.com/future-planet
address: 3 days ago 4 days ago Winemakers prosper but veg f from https://www.bbc.com/future-planet
address: 5 days ago 5 days ago Creative climate action proj from https://www.bbc.com/future-planet
address: 6 days ago 6 days ago Uni records hottest, sunnies from https://www.bbc.com/future-planet
address: 2026 might solve the mystery. More science 28 Jul  from https://www.bbc.com/innovation/science
address: 25 Jul 2026 26 Jul 2026 Nasa boss praises rise of  from https://www.bbc.com/innovation/science
address: 23 Jul 2026 17 Jul 2026 First from https://www.bbc.com/innovation/science
address: 56 people and infected more than 77,000 in the Sou from https://www.bbc.com/innovation/science
address: 2025 The Nikon Comedy Wildlife Awards crowned the  from https://www.bbc.com/future-planet/natural-wonders
address: 44 mins Save Best from https://www.bbc.com/audio
address: 120 children 27 mins Save Newshour Israeli PM dism from https://www.bbc.com/audio
address: 606 Rain on rivers and rough for Rangers Save from https://www.bbc.com/audio
date: 10/08/2026 from https://www.bbc.com/audio/stations
date: 10/08/2026 from https://www.bbc.com/audio/stations
date: 10/08/2026 from https://www.bbc.com/audio/stations
date: 10/08/2026 from https://www.bbc.com/audio/stations
date: 10/08/2026 from https://www.bbc.com/audio/stations
date: 10/08/2026 from https://www.bbc.com/audio/stations
date: 10/08/2026 from https://www.bbc.com/audio/stations
date: 10/08/2026 from https://www.bbc.com/audio/stations
date: 10/08/2026 from https://www.bbc.com/audio/stations
date: 10/08/2026 from https://www.bbc.com/audio/stations
date: 10/08/2026 from https://www.bbc.com/audio/stations
date: 10/08/2026 from https://www.bbc.com/audio/stations
date: 10/08/2026 from https://www.bbc.com/audio/stations
address: 06 BST from https://www.bbc.com/audio/stations
address: 30 BST from https://www.bbc.com/audio/stations
address: 32 BST from https://www.bbc.com/audio/stations
address: 00 BST from https://www.bbc.com/audio/stations
address: 06 BST from https://www.bbc.com/audio/stations
address: 30 BST from https://www.bbc.com/audio/stations
address: 32 BST from https://www.bbc.com/audio/stations
address: 00 BST from https://www.bbc.com/audio/stations
address: 06 BST from https://www.bbc.com/audio/stations
address: 30 BST from https://www.bbc.com/audio/stations
address: 00 BST from https://www.bbc.com/audio/stations
address: 00 BST from https://www.bbc.com/audio/stations
address: 04 BST Last Word from https://www.bbc.com/audio/stations
address: 34 BST Shipping Forecast from https://www.bbc.com/audio/stations
address: 43 BST from https://www.bbc.com/audio/stations
address: 45 BST from https://www.bbc.com/audio/stations
address: 57 BST from https://www.bbc.com/audio/stations
address: 00 BST from https://www.bbc.com/audio/stations
address: 00 BST from https://www.bbc.com/audio/stations
address: 30 BST from https://www.bbc.com/audio/stations
address: 1 The biggest from https://www.bbc.com/audio/stations
address: 1 Anthems All day anthems from the 00s to now. Rad from https://www.bbc.com/audio/stations
address: 2 Lift your day with the best from https://www.bbc.com/audio/stations
address: 1960 expedition to Madagascar, where he pieced tog from https://www.bbc.com/video
address: 16 principles to make your business a success. Tra from https://www.bbc.com/video
address: 2025 The Nikon Comedy Wildlife Awards crowned the  from https://www.bbc.com/video
address: 16 principles to make your business a success. See from https://www.bbc.com/video/bbc-maestro
address: 5 days ago Share Explore More The first from https://www.bbc.com/video/discover-the-world
address: 000 years in peat bogs. Thought to have from https://www.bbc.com/video/discover-the-world
address: 5 Live Sport commentary as Southern Brave from https://www.bbc.com/live
address: 5 Live Sport commentary as Southern Brave from https://www.bbc.com/live
address: 0 in the Irish Premiership at Windsor Park. See ho from https://www.bbc.com/live
address: 1 opening day away from https://www.bbc.com/live
address: 5 Live Sport commentary as Southern Brave from https://www.bbc.com/live/sport
address: 5 Live Sport commentary as Southern Brave from https://www.bbc.com/live/sport
address: 0 in the Irish Premiership at Windsor Park. See ho from https://www.bbc.com/live/sport
address: 1 opening day away from https://www.bbc.com/live/sport
address: 4 hrs ago Middle East Suspected crime boss Daniel  from https://www.bbc.com/
address: 13 hrs ago Europe Puerto Rico rations water suppli from https://www.bbc.com/
address: 9 hrs ago Europe Israel accused of weaponising arc from https://www.bbc.com/
address: 1 day ago Middle East from https://www.bbc.com/
address: 10 hrs ago Latin America Fast from https://www.bbc.com/
address: 10 of the best films to watch this August from https://www.bbc.com/
address: 7 August from https://www.bbc.com/
address: 606 Rain on rivers and rough for Rangers Save from https://www.bbc.com/
address: 2013 but things could have from https://www.bbc.com/
address: 10 winning pictures from the World Food Photograph from https://www.bbc.com/
address: 8 hours ago Features More areas of UK likely to mo from https://www.bbc.com/weather
address: 30 Weather for the week ahead The heat set to buil from https://www.bbc.com/weather
address: 3 hours ago Share Save from https://www.bbc.com/news/articles/c5yw4lpe0yeo
address: 7 October 2023, in which about 1,200 people were k from https://www.bbc.com/news/articles/c5yw4lpe0yeo
address: 4 hours ago Share Save from https://www.bbc.com/news/articles/c62qd5plzp6o
address: 5 hours ago Share Save from https://www.bbc.com/news/articles/c935w1d05d7o
address: 25 BST from https://www.bbc.com/news/articles/c935w1d05d7o
address: 13 counts of reckless endangerment, officials said from https://www.bbc.com/news/articles/c935w1d05d7o
address: 13 hours ago Share Save from https://www.bbc.com/news/articles/cvgx1kpz17go
address: 2023 , again laden with hundreds of amphorae. In 2 from https://www.bbc.com/news/articles/cvgx1kpz17go
address: 8 hours ago Share Save Add as preferred on Google  from https://www.bbc.com/news/articles/cqlxgk7r2vwo
address: 48 hours on a rotating basis. Residents in the cap from https://www.bbc.com/news/articles/cqlxgk7r2vwo
address: 000 properties subject from https://www.bbc.com/news/articles/cqlxgk7r2vwo
address: 24 hours have from https://www.bbc.com/news/articles/cqlxgk7r2vwo
address: 2020 and 2015, when some 400,000 households only r from https://www.bbc.com/news/articles/cqlxgk7r2vwo
address: 000 wildfires currently burning in Puerto Rico, an from https://www.bbc.com/news/articles/cqlxgk7r2vwo
address: 8 hours ago Share Save Add as preferred on Google  from https://www.bbc.com/news/articles/cwyeg1ljp2eo
address: 1 day ago Share Save Add as preferred on Google Se from https://www.bbc.com/news/articles/c20d8qre98do
address: 25 July following an emergency procedure The conce from https://www.bbc.com/news/articles/c20d8qre98do
address: 43 minutes ago Share Save Add as preferred on Goog from https://www.bbc.com/news/articles/c20d89jxpqno
address: 750 wildfires are actively burning across the coun from https://www.bbc.com/news/articles/c20d89jxpqno
address: 29 July pleading with those who have remained to l from https://www.bbc.com/news/articles/c20d89jxpqno
address: 2026 via Getty Images Smoke from Ontario wildfires from https://www.bbc.com/news/articles/c20d89jxpqno
address: 400 people in and around her community of Fort Nel from https://www.bbc.com/news/articles/c20d89jxpqno
address: 100 people had stayed or 1,000 people had stayed b from https://www.bbc.com/news/articles/c20d89jxpqno
address: 1 day ago Share Save from https://www.bbc.com/news/articles/c4g64152v71o
address: 10 August from https://www.bbc.com/audio/play/w3ct8kll
address: 0800 GMT. Or you can listen to The Interview as a  from https://www.bbc.com/audio/play/w3ct8kll
email: bu***@bbc.co.uk from https://www.bbc.com/audio/play/w3ct8gg5
address: 10 August from https://www.bbc.com/audio/play/w3ct8gg5
username: @bbc from https://www.bbc.com/audio/play/w3ct8gg5
address: 9 August from https://www.bbc.com/audio/play/p0p37cdq
email: th***@bbc.com from https://www.bbc.com/audio/play/w3ct99hv
address: 9 August 2026 Available for over a year Huge wildf from https://www.bbc.com/audio/play/w3ct99hv
username: @bbc from https://www.bbc.com/audio/play/w3ct99hv
address: 9 August 2026 Available for over a year In Lagos,  from https://www.bbc.com/audio/play/p0p3hgsr
address: 8 August from https://www.bbc.com/audio/play/p0p371nb
address: 8 August from https://www.bbc.com/audio/play/p0p3bn7f
email: Am***@bbc.co.uk from https://www.bbc.com/audio/play/w3ct8lzg
phone: 330***9480 from https://www.bbc.com/audio/play/w3ct8lzg
url: https://discord.gg/qSrxqNcmRB from https://www.bbc.com/audio/play/w3ct8lzg
url: https://www.bbc.co.uk/news/world-us-canada-6809315 from https://www.bbc.com/audio/play/w3ct8lzg
url: https://www.bbc.co.uk/sounds/series/p05299nl from https://www.bbc.com/audio/play/w3ct8lzg
url: https://www.bbc.co.uk/sounds/brand/m001mssm from https://www.bbc.com/audio/play/w3ct8lzg
url: https://www.bbc.co.uk/sounds/brand/p0gg4k6r from https://www.bbc.com/audio/play/w3ct8lzg
url: https://www.bbc.co.uk/sounds/brand/w13xtvsd from https://www.bbc.com/audio/play/w3ct8lzg
address: 7 August from https://www.bbc.com/audio/play/w3ct8lzg
address: 2024 presidential election. Plus, Justin and Sarah from https://www.bbc.com/audio/play/w3ct8lzg
username: @bbc from https://www.bbc.com/audio/play/w3ct8lzg
address: 7 August 2026 Available for over a year Holidaymak from https://www.bbc.com/audio/play/w3ct98dz
address: 3 hours ago Organised crime Share Save Helicopter  from https://www.bbc.com/news/videos/cly5zpx0ypdo
address: 7 August from https://www.bbc.com/news/videos/cly5zpx0ypdo
address: 8 quake shook Kumamoto General Hospital. Asia Firs from https://www.bbc.com/news/videos/cly5zpx0ypdo